#
# There is insufficient memory for the Java Runtime Environment to continue.
# Native memory allocation (malloc) failed to allocate 1048576 bytes. Error detail: AllocateHeap
# Possible reasons:
#   The system is out of physical RAM or swap space
#   This process is running with CompressedOops enabled, and the Java Heap may be blocking the growth of the native heap
# Possible solutions:
#   Reduce memory load on the system
#   Increase physical memory or swap space
#   Check if swap backing store is full
#   Decrease Java heap size (-Xmx/-Xms)
#   Decrease number of Java threads
#   Decrease Java thread stack sizes (-Xss)
#   Set larger code cache with -XX:ReservedCodeCacheSize=
#   JVM is running with Unscaled Compressed Oops mode in which the Java heap is
#     placed in the first 4GB address space. The Java Heap base address is the
#     maximum limit for the native heap growth. Please use -XX:HeapBaseMinAddress
#     to set the Java Heap base and to place the Java Heap above 4GB virtual address.
# This output file may be truncated or incomplete.
#
#  Out of Memory Error (allocation.cpp:44), pid=43828, tid=24920
#
# JRE version: OpenJDK Runtime Environment Temurin-21.0.8+9 (21.0.8+9) (build 21.0.8+9-LTS)
# Java VM: OpenJDK 64-Bit Server VM Temurin-21.0.8+9 (21.0.8+9-LTS, mixed mode, sharing, tiered, compressed oops, compressed class ptrs, parallel gc, windows-amd64)
# No core dump will be written. Minidumps are not enabled by default on client versions of Windows
#

---------------  S U M M A R Y ------------

Command Line: --add-modules=ALL-SYSTEM --add-opens=java.base/java.util=ALL-UNNAMED --add-opens=java.base/java.lang=ALL-UNNAMED --add-opens=java.base/sun.nio.fs=ALL-UNNAMED -Declipse.application=org.eclipse.jdt.ls.core.id1 -Dosgi.bundles.defaultStartLevel=4 -Declipse.product=org.eclipse.jdt.ls.core.product -Djava.import.generatesMetadataFilesAtProjectRoot=false -DDetectVMInstallationsJob.disabled=true -Dfile.encoding=utf8 -XX:+UseParallelGC -XX:GCTimeRatio=4 -XX:AdaptiveSizePolicyWeight=90 -Dsun.zip.disableMemoryMapping=true -Xmx2G -Xms100m -Xlog:disable -javaagent:c:\Users\Gamer\.vscode\extensions\redhat.java-1.44.0-win32-x64\lombok\lombok-1.18.39-4050.jar -XX:+HeapDumpOnOutOfMemoryError -XX:HeapDumpPath=c:\Users\Gamer\AppData\Roaming\Code\User\workspaceStorage\c92467a4f912a076a8497abe25e10870\redhat.java -Daether.dependencyCollector.impl=bf c:\Users\Gamer\.vscode\extensions\redhat.java-1.44.0-win32-x64\server\plugins\org.eclipse.equinox.launcher_1.7.0.v20250519-0528.jar -configuration c:\Users\Gamer\AppData\Roaming\Code\User\globalStorage\redhat.java\1.44.0\config_win -data c:\Users\Gamer\AppData\Roaming\Code\User\workspaceStorage\c92467a4f912a076a8497abe25e10870\redhat.java\jdt_ws --pipe=\\.\pipe\lsp-c8258b0d75d3bc1b727418a2649cef93-sock

Host: Intel(R) Core(TM) i5-10600K CPU @ 4.10GHz, 12 cores, 15G,  Windows 11 , 64 bit Build 26100 (10.0.26100.4768)
Time: Thu Aug 28 14:25:54 2025 Hora est. Sudamérica Pacífico elapsed time: 183219.209395 seconds (2d 2h 53m 39s)

---------------  T H R E A D  ---------------

Current thread (0x000002115f813720):  JavaThread "Attach Listener" daemon [_thread_in_vm, id=24920, stack(0x00000094e4b00000,0x00000094e4c00000) (1024K)]

Stack: [0x00000094e4b00000,0x00000094e4c00000]
Native frames: (J=compiled Java code, j=interpreted, Vv=VM code, C=native code)
V  [jvm.dll+0x6d2449]
V  [jvm.dll+0x8ae341]
V  [jvm.dll+0x8b08be]
V  [jvm.dll+0x8b0fa3]
V  [jvm.dll+0x280c96]
V  [jvm.dll+0xc0347]
V  [jvm.dll+0x6d2cf9]
V  [jvm.dll+0x131116]
V  [jvm.dll+0x3f2d16]
V  [jvm.dll+0x857e6b]
V  [jvm.dll+0x6d0b0d]
C  [ucrtbase.dll+0x37b0]
C  [KERNEL32.DLL+0x2e8d7]
C  [ntdll.dll+0x3c34c]


---------------  P R O C E S S  ---------------

Threads class SMR info:
_java_thread_list=0x0000021141d743c0, length=39, elements={
0x000002115d4c4550, 0x000002115f8093d0, 0x000002115f92ce20, 0x000002115f812ad0,
0x000002115f813720, 0x000002115f814370, 0x000002115f81b140, 0x0000021177566020,
0x0000021177575d40, 0x000002117764f310, 0x00000211778e6280, 0x0000021178cb0340,
0x00000211789de680, 0x0000021178b5ea80, 0x000002117d0efa20, 0x000002117d39b670,
0x00000211778e1340, 0x00000211776c0f30, 0x00000211776c1c50, 0x00000211776c0210,
0x00000211776c2970, 0x000002117d57cc20, 0x000002117d57d940, 0x000002117d57e660,
0x000002117d57d2b0, 0x000002117d57ecf0, 0x000002117d5800a0, 0x000002117d57f380,
0x000002117d57dfd0, 0x000002117d57fa10, 0x00000211415d2e80, 0x00000211415d3ba0,
0x00000211415d3510, 0x00000211415d5c70, 0x00000211415d6990, 0x00000211415d55e0,
0x00000211415d7020, 0x00000211415d76b0, 0x00000211415f7a50
}

Java Threads: ( => current thread )
  0x000002115d4c4550 JavaThread "main"                              [_thread_blocked, id=27096, stack(0x00000094e4400000,0x00000094e4500000) (1024K)]
  0x000002115f8093d0 JavaThread "Reference Handler"          daemon [_thread_blocked, id=42520, stack(0x00000094e4800000,0x00000094e4900000) (1024K)]
  0x000002115f92ce20 JavaThread "Finalizer"                  daemon [_thread_blocked, id=41208, stack(0x00000094e4900000,0x00000094e4a00000) (1024K)]
  0x000002115f812ad0 JavaThread "Signal Dispatcher"          daemon [_thread_blocked, id=20932, stack(0x00000094e4a00000,0x00000094e4b00000) (1024K)]
=>0x000002115f813720 JavaThread "Attach Listener"            daemon [_thread_in_vm, id=24920, stack(0x00000094e4b00000,0x00000094e4c00000) (1024K)]
  0x000002115f814370 JavaThread "Service Thread"             daemon [_thread_blocked, id=43864, stack(0x00000094e4c00000,0x00000094e4d00000) (1024K)]
  0x000002115f81b140 JavaThread "Monitor Deflation Thread"   daemon [_thread_blocked, id=30296, stack(0x00000094e4d00000,0x00000094e4e00000) (1024K)]
  0x0000021177566020 JavaThread "C2 CompilerThread0"         daemon [_thread_blocked, id=15296, stack(0x00000094e4e00000,0x00000094e4f00000) (1024K)]
  0x0000021177575d40 JavaThread "C1 CompilerThread0"         daemon [_thread_blocked, id=28012, stack(0x00000094e4f00000,0x00000094e5000000) (1024K)]
  0x000002117764f310 JavaThread "Common-Cleaner"             daemon [_thread_blocked, id=11340, stack(0x00000094e5000000,0x00000094e5100000) (1024K)]
  0x00000211778e6280 JavaThread "Notification Thread"        daemon [_thread_blocked, id=35168, stack(0x00000094e5200000,0x00000094e5300000) (1024K)]
  0x0000021178cb0340 JavaThread "Active Thread: Equinox Container: 9f5ec155-f31e-4481-a8ac-7c2f0ea59a53"        [_thread_blocked, id=28488, stack(0x00000094e5a00000,0x00000094e5b00000) (1024K)]
  0x00000211789de680 JavaThread "Refresh Thread: Equinox Container: 9f5ec155-f31e-4481-a8ac-7c2f0ea59a53" daemon [_thread_blocked, id=29476, stack(0x00000094e5300000,0x00000094e5400000) (1024K)]
  0x0000021178b5ea80 JavaThread "Framework Event Dispatcher: Equinox Container: 9f5ec155-f31e-4481-a8ac-7c2f0ea59a53" daemon [_thread_blocked, id=24080, stack(0x00000094e5b00000,0x00000094e5c00000) (1024K)]
  0x000002117d0efa20 JavaThread "Start Level: Equinox Container: 9f5ec155-f31e-4481-a8ac-7c2f0ea59a53" daemon [_thread_blocked, id=38336, stack(0x00000094e5c00000,0x00000094e5d00000) (1024K)]
  0x000002117d39b670 JavaThread "Bundle File Closer"         daemon [_thread_blocked, id=24340, stack(0x00000094e5f00000,0x00000094e6000000) (1024K)]
  0x00000211778e1340 JavaThread "SCR Component Actor"        daemon [_thread_blocked, id=42836, stack(0x00000094e6000000,0x00000094e6100000) (1024K)]
  0x00000211776c0f30 JavaThread "Worker-JM"                         [_thread_blocked, id=26492, stack(0x00000094e6300000,0x00000094e6400000) (1024K)]
  0x00000211776c1c50 JavaThread "JNA Cleaner"                daemon [_thread_blocked, id=39932, stack(0x00000094e6500000,0x00000094e6600000) (1024K)]
  0x00000211776c0210 JavaThread "Worker-0"                          [_thread_blocked, id=11896, stack(0x00000094e6600000,0x00000094e6700000) (1024K)]
  0x00000211776c2970 JavaThread "Java indexing"              daemon [_thread_blocked, id=38132, stack(0x00000094e6800000,0x00000094e6900000) (1024K)]
  0x000002117d57cc20 JavaThread "Thread-2"                   daemon [_thread_in_native, id=43084, stack(0x00000094e6e00000,0x00000094e6f00000) (1024K)]
  0x000002117d57d940 JavaThread "Thread-3"                   daemon [_thread_in_native, id=10248, stack(0x00000094e6f00000,0x00000094e7000000) (1024K)]
  0x000002117d57e660 JavaThread "Thread-4"                   daemon [_thread_in_native, id=31736, stack(0x00000094e7000000,0x00000094e7100000) (1024K)]
  0x000002117d57d2b0 JavaThread "Thread-5"                   daemon [_thread_in_native, id=40472, stack(0x00000094e7100000,0x00000094e7200000) (1024K)]
  0x000002117d57ecf0 JavaThread "Thread-6"                   daemon [_thread_in_native, id=37116, stack(0x00000094e7200000,0x00000094e7300000) (1024K)]
  0x000002117d5800a0 JavaThread "Thread-7"                   daemon [_thread_in_native, id=35604, stack(0x00000094e7300000,0x00000094e7400000) (1024K)]
  0x000002117d57f380 JavaThread "Thread-8"                   daemon [_thread_in_native, id=41904, stack(0x00000094e7400000,0x00000094e7500000) (1024K)]
  0x000002117d57dfd0 JavaThread "Thread-9"                   daemon [_thread_in_native, id=16780, stack(0x00000094e7500000,0x00000094e7600000) (1024K)]
  0x000002117d57fa10 JavaThread "Thread-10"                  daemon [_thread_in_native, id=30168, stack(0x00000094e7600000,0x00000094e7700000) (1024K)]
  0x00000211415d2e80 JavaThread "Thread-11"                  daemon [_thread_in_native, id=26780, stack(0x00000094e7700000,0x00000094e7800000) (1024K)]
  0x00000211415d3ba0 JavaThread "Thread-12"                  daemon [_thread_in_native, id=34528, stack(0x00000094e7800000,0x00000094e7900000) (1024K)]
  0x00000211415d3510 JavaThread "Thread-13"                  daemon [_thread_in_native, id=14616, stack(0x00000094e7900000,0x00000094e7a00000) (1024K)]
  0x00000211415d5c70 JavaThread "Thread-14"                  daemon [_thread_in_native, id=25052, stack(0x00000094e7a00000,0x00000094e7b00000) (1024K)]
  0x00000211415d6990 JavaThread "pool-2-thread-1"                   [_thread_blocked, id=30736, stack(0x00000094e7b00000,0x00000094e7c00000) (1024K)]
  0x00000211415d55e0 JavaThread "WorkspaceEventsHandler"            [_thread_blocked, id=1932, stack(0x00000094e7c00000,0x00000094e7d00000) (1024K)]
  0x00000211415d7020 JavaThread "pool-1-thread-1"                   [_thread_blocked, id=7700, stack(0x00000094e7d00000,0x00000094e7e00000) (1024K)]
  0x00000211415d76b0 JavaThread "Worker-5"                          [_thread_blocked, id=6480, stack(0x00000094e8000000,0x00000094e8100000) (1024K)]
  0x00000211415f7a50 JavaThread "Timer-0"                           [_thread_blocked, id=33908, stack(0x00000094e6400000,0x00000094e6500000) (1024K)]
Total: 39

Other Threads:
  0x000002115f8029b0 VMThread "VM Thread"                           [id=17264, stack(0x00000094e4700000,0x00000094e4800000) (1024K)]
  0x000002115f8e1b70 WatcherThread "VM Periodic Task Thread"        [id=10800, stack(0x00000094e4600000,0x00000094e4700000) (1024K)]
  0x000002115f895560 WorkerThread "GC Thread#0"                     [id=31552, stack(0x00000094e4500000,0x00000094e4600000) (1024K)]
  0x000002117d0941a0 WorkerThread "GC Thread#1"                     [id=20992, stack(0x00000094e5400000,0x00000094e5500000) (1024K)]
  0x00000211785b1fc0 WorkerThread "GC Thread#2"                     [id=30200, stack(0x00000094e5500000,0x00000094e5600000) (1024K)]
  0x00000211785b2360 WorkerThread "GC Thread#3"                     [id=34308, stack(0x00000094e5600000,0x00000094e5700000) (1024K)]
  0x00000211785b2700 WorkerThread "GC Thread#4"                     [id=12216, stack(0x00000094e5700000,0x00000094e5800000) (1024K)]
  0x0000021178b22770 WorkerThread "GC Thread#5"                     [id=2192, stack(0x00000094e5800000,0x00000094e5900000) (1024K)]
  0x0000021178b22b10 WorkerThread "GC Thread#6"                     [id=19176, stack(0x00000094e5900000,0x00000094e5a00000) (1024K)]
  0x000002117d10e440 WorkerThread "GC Thread#7"                     [id=30084, stack(0x00000094e5100000,0x00000094e5200000) (1024K)]
  0x0000021177807780 WorkerThread "GC Thread#8"                     [id=36204, stack(0x00000094e5d00000,0x00000094e5e00000) (1024K)]
  0x000002117d13cf30 WorkerThread "GC Thread#9"                     [id=33584, stack(0x00000094e5e00000,0x00000094e5f00000) (1024K)]
Total: 12

Threads with active compile tasks:
Total: 0

VM state: not at safepoint (normal execution)

VM Mutex/Monitor currently owned by a thread: None

Heap address: 0x0000000080000000, size: 2048 MB, Compressed Oops mode: 32-bit

CDS archive(s) mapped at: [0x0000021100000000-0x0000021100ba0000-0x0000021100ba0000), size 12189696, SharedBaseAddress: 0x0000021100000000, ArchiveRelocationMode: 1.
Compressed class space mapped at: 0x0000021101000000-0x0000021141000000, reserved size: 1073741824
Narrow klass base: 0x0000021100000000, Narrow klass shift: 0, Narrow klass range: 0x100000000

GC Precious Log:
 CardTable entry size: 512
 CPUs: 12 total, 12 available
 Memory: 16298M
 Large Page Support: Disabled
 NUMA Support: Disabled
 Compressed Oops: Enabled (32-bit)
 Alignments: Space 512K, Generation 512K, Heap 2M
 Heap Min Capacity: 100M
 Heap Initial Capacity: 100M
 Heap Max Capacity: 2G
 Pre-touch: Disabled
 Parallel Workers: 10

Heap:
 PSYoungGen      total 2048K, used 1296K [0x00000000d5580000, 0x00000000d5980000, 0x0000000100000000)
  eden space 1536K, 69% used [0x00000000d5580000,0x00000000d568c1e8,0x00000000d5700000)
  from space 512K, 43% used [0x00000000d5900000,0x00000000d5938000,0x00000000d5980000)
  to   space 512K, 0% used [0x00000000d5880000,0x00000000d5880000,0x00000000d5900000)
 ParOldGen       total 432128K, used 431866K [0x0000000080000000, 0x000000009a600000, 0x00000000d5580000)
  object space 432128K, 99% used [0x0000000080000000,0x000000009a5be800,0x000000009a600000)
 Metaspace       used 73189K, committed 74624K, reserved 1179648K
  class space    used 8374K, committed 9024K, reserved 1048576K

Card table byte_map: [0x000002115f210000,0x000002115f620000] _byte_map_base: 0x000002115ee10000

Marking Bits: (ParMarkBitMap*) 0x00007ffc1300a340
 Begin Bits: [0x0000021171d10000, 0x0000021173d10000)
 End Bits:   [0x0000021173d10000, 0x0000021175d10000)

Polling page: 0x000002115d6d0000

Metaspace:

Usage:
  Non-class:     63.30 MB used.
      Class:      8.18 MB used.
       Both:     71.47 MB used.

Virtual space:
  Non-class space:      128.00 MB reserved,      64.06 MB ( 50%) committed,  2 nodes.
      Class space:        1.00 GB reserved,       8.81 MB ( <1%) committed,  1 nodes.
             Both:        1.12 GB reserved,      72.88 MB (  6%) committed. 

Chunk freelists:
   Non-Class:  15.31 MB
       Class:  7.16 MB
        Both:  22.47 MB

MaxMetaspaceSize: unlimited
CompressedClassSpaceSize: 1.00 GB
Initial GC threshold: 21.00 MB
Current GC threshold: 97.31 MB
CDS: on
 - commit_granule_bytes: 65536.
 - commit_granule_words: 8192.
 - virtual_space_node_default_size: 8388608.
 - enlarge_chunks_in_place: 1.
 - use_allocation_guard: 0.


Internal statistics:

num_allocs_failed_limit: 9.
num_arena_births: 1286.
num_arena_deaths: 14.
num_vsnodes_births: 3.
num_vsnodes_deaths: 0.
num_space_committed: 1166.
num_space_uncommitted: 0.
num_chunks_returned_to_freelist: 23.
num_chunks_taken_from_freelist: 4350.
num_chunk_merges: 10.
num_chunk_splits: 2794.
num_chunks_enlarged: 1755.
num_inconsistent_stats: 0.

CodeHeap 'non-profiled nmethods': size=120000Kb used=8921Kb max_used=8921Kb free=111079Kb
 bounds [0x000002116a530000, 0x000002116adf0000, 0x0000021171a60000]
CodeHeap 'profiled nmethods': size=120000Kb used=23170Kb max_used=23170Kb free=96830Kb
 bounds [0x0000021162a60000, 0x0000021164110000, 0x0000021169f90000]
CodeHeap 'non-nmethods': size=5760Kb used=1469Kb max_used=1567Kb free=4290Kb
 bounds [0x0000021169f90000, 0x000002116a200000, 0x000002116a530000]
CodeCache: size=245760Kb, used=33560Kb, max_used=33658Kb, free=212199Kb
 total_blobs=11406, nmethods=10621, adapters=690, full_count=0
Compilation: enabled, stopped_count=0, restarted_count=0

Compilation events (20 events):
Event: 179776.246 Thread 0x0000021177566020 11376       4       java.util.Arrays::fill (21 bytes)
Event: 179776.265 Thread 0x0000021177566020 nmethod 11376 0x000002116ade2290 code [0x000002116ade2420, 0x000002116ade2548]
Event: 180140.179 Thread 0x0000021177566020 11377       4       org.eclipse.core.runtime.Path::makeUNC (57 bytes)
Event: 180140.184 Thread 0x0000021177566020 nmethod 11377 0x000002116ade2610 code [0x000002116ade27a0, 0x000002116ade2878]
Event: 180225.876 Thread 0x0000021177566020 11378       4       org.eclipse.jdt.ls.core.internal.filesystem.JLSFile::getChild (121 bytes)
Event: 180225.959 Thread 0x0000021177566020 nmethod 11378 0x000002116ade2990 code [0x000002116ade2ce0, 0x000002116ade3bc0]
Event: 181252.897 Thread 0x0000021177575d40 11379       3       java.io.InputStreamReader::lockFor (24 bytes)
Event: 181252.921 Thread 0x0000021177575d40 nmethod 11379 0x00000211640f6910 code [0x00000211640f6b20, 0x00000211640f71f8]
Event: 181252.921 Thread 0x0000021177575d40 11380       3       sun.nio.cs.StreamDecoder::<init> (52 bytes)
Event: 181252.932 Thread 0x0000021177575d40 nmethod 11380 0x00000211640f7490 code [0x00000211640f7680, 0x00000211640f7b28]
Event: 181257.745 Thread 0x0000021177575d40 11381       3       com.google.gson.stream.JsonReader::setStrictness (11 bytes)
Event: 181262.027 Thread 0x0000021177575d40 nmethod 11381 0x00000211640f7d10 code [0x00000211640f7ec0, 0x00000211640f8148]
Event: 181262.027 Thread 0x0000021177575d40 11382       3       org.eclipse.jdt.ls.core.internal.filesystem.JLSFile::getFileStore (102 bytes)
Event: 181262.057 Thread 0x0000021177575d40 nmethod 11382 0x00000211640f8290 code [0x00000211640f86a0, 0x00000211640f9e10]
Event: 181318.658 Thread 0x0000021177566020 11383   !   4       jdk.internal.reflect.DirectMethodHandleAccessor::invoke (92 bytes)
Event: 181318.700 Thread 0x0000021177566020 nmethod 11383 0x000002116ade4990 code [0x000002116ade4c80, 0x000002116ade56e8]
Event: 181349.683 Thread 0x0000021177575d40 11384   !   3       org.eclipse.jdt.ls.core.internal.JDTUtils::getFakeCompilationUnit (329 bytes)
Event: 181349.727 Thread 0x0000021177575d40 nmethod 11384 0x00000211640fa810 code [0x00000211640fafc0, 0x00000211640fecc0]
Event: 181654.424 Thread 0x0000021177566020 11385       4       java.lang.ClassLoader::getPlatformClassLoader (21 bytes)
Event: 181654.428 Thread 0x0000021177566020 nmethod 11385 0x000002116ade6110 code [0x000002116ade62a0, 0x000002116ade6310]

GC Heap History (20 events):
Event: 177448.966 GC heap before
{Heap before GC invocations=750 (full 3):
 PSYoungGen      total 2048K, used 1856K [0x00000000d5580000, 0x00000000d5980000, 0x0000000100000000)
  eden space 1536K, 100% used [0x00000000d5580000,0x00000000d5700000,0x00000000d5700000)
  from space 512K, 62% used [0x00000000d5900000,0x00000000d5950000,0x00000000d5980000)
  to   space 512K, 0% used [0x00000000d5880000,0x00000000d5880000,0x00000000d5900000)
 ParOldGen       total 432128K, used 431674K [0x0000000080000000, 0x000000009a600000, 0x00000000d5580000)
  object space 432128K, 99% used [0x0000000080000000,0x000000009a58e800,0x000000009a600000)
 Metaspace       used 73092K, committed 74560K, reserved 1179648K
  class space    used 8374K, committed 9024K, reserved 1048576K
}
Event: 177448.967 GC heap after
{Heap after GC invocations=750 (full 3):
 PSYoungGen      total 2048K, used 160K [0x00000000d5580000, 0x00000000d5980000, 0x0000000100000000)
  eden space 1536K, 0% used [0x00000000d5580000,0x00000000d5580000,0x00000000d5700000)
  from space 512K, 31% used [0x00000000d5880000,0x00000000d58a8000,0x00000000d5900000)
  to   space 512K, 0% used [0x00000000d5900000,0x00000000d5900000,0x00000000d5980000)
 ParOldGen       total 432128K, used 431706K [0x0000000080000000, 0x000000009a600000, 0x00000000d5580000)
  object space 432128K, 99% used [0x0000000080000000,0x000000009a596800,0x000000009a600000)
 Metaspace       used 73092K, committed 74560K, reserved 1179648K
  class space    used 8374K, committed 9024K, reserved 1048576K
}
Event: 177448.990 GC heap before
{Heap before GC invocations=751 (full 3):
 PSYoungGen      total 2048K, used 1696K [0x00000000d5580000, 0x00000000d5980000, 0x0000000100000000)
  eden space 1536K, 100% used [0x00000000d5580000,0x00000000d5700000,0x00000000d5700000)
  from space 512K, 31% used [0x00000000d5880000,0x00000000d58a8000,0x00000000d5900000)
  to   space 512K, 0% used [0x00000000d5900000,0x00000000d5900000,0x00000000d5980000)
 ParOldGen       total 432128K, used 431706K [0x0000000080000000, 0x000000009a600000, 0x00000000d5580000)
  object space 432128K, 99% used [0x0000000080000000,0x000000009a596800,0x000000009a600000)
 Metaspace       used 73092K, committed 74560K, reserved 1179648K
  class space    used 8374K, committed 9024K, reserved 1048576K
}
Event: 177448.991 GC heap after
{Heap after GC invocations=751 (full 3):
 PSYoungGen      total 2048K, used 192K [0x00000000d5580000, 0x00000000d5980000, 0x0000000100000000)
  eden space 1536K, 0% used [0x00000000d5580000,0x00000000d5580000,0x00000000d5700000)
  from space 512K, 37% used [0x00000000d5900000,0x00000000d5930000,0x00000000d5980000)
  to   space 512K, 0% used [0x00000000d5880000,0x00000000d5880000,0x00000000d5900000)
 ParOldGen       total 432128K, used 431706K [0x0000000080000000, 0x000000009a600000, 0x00000000d5580000)
  object space 432128K, 99% used [0x0000000080000000,0x000000009a596800,0x000000009a600000)
 Metaspace       used 73092K, committed 74560K, reserved 1179648K
  class space    used 8374K, committed 9024K, reserved 1048576K
}
Event: 177449.011 GC heap before
{Heap before GC invocations=752 (full 3):
 PSYoungGen      total 2048K, used 1727K [0x00000000d5580000, 0x00000000d5980000, 0x0000000100000000)
  eden space 1536K, 99% used [0x00000000d5580000,0x00000000d56fffe8,0x00000000d5700000)
  from space 512K, 37% used [0x00000000d5900000,0x00000000d5930000,0x00000000d5980000)
  to   space 512K, 0% used [0x00000000d5880000,0x00000000d5880000,0x00000000d5900000)
 ParOldGen       total 432128K, used 431706K [0x0000000080000000, 0x000000009a600000, 0x00000000d5580000)
  object space 432128K, 99% used [0x0000000080000000,0x000000009a596800,0x000000009a600000)
 Metaspace       used 73095K, committed 74560K, reserved 1179648K
  class space    used 8374K, committed 9024K, reserved 1048576K
}
Event: 177449.012 GC heap after
{Heap after GC invocations=752 (full 3):
 PSYoungGen      total 2048K, used 192K [0x00000000d5580000, 0x00000000d5980000, 0x0000000100000000)
  eden space 1536K, 0% used [0x00000000d5580000,0x00000000d5580000,0x00000000d5700000)
  from space 512K, 37% used [0x00000000d5880000,0x00000000d58b0000,0x00000000d5900000)
  to   space 512K, 0% used [0x00000000d5900000,0x00000000d5900000,0x00000000d5980000)
 ParOldGen       total 432128K, used 431714K [0x0000000080000000, 0x000000009a600000, 0x00000000d5580000)
  object space 432128K, 99% used [0x0000000080000000,0x000000009a598800,0x000000009a600000)
 Metaspace       used 73095K, committed 74560K, reserved 1179648K
  class space    used 8374K, committed 9024K, reserved 1048576K
}
Event: 177449.029 GC heap before
{Heap before GC invocations=753 (full 3):
 PSYoungGen      total 2048K, used 1727K [0x00000000d5580000, 0x00000000d5980000, 0x0000000100000000)
  eden space 1536K, 99% used [0x00000000d5580000,0x00000000d56fffb8,0x00000000d5700000)
  from space 512K, 37% used [0x00000000d5880000,0x00000000d58b0000,0x00000000d5900000)
  to   space 512K, 0% used [0x00000000d5900000,0x00000000d5900000,0x00000000d5980000)
 ParOldGen       total 432128K, used 431714K [0x0000000080000000, 0x000000009a600000, 0x00000000d5580000)
  object space 432128K, 99% used [0x0000000080000000,0x000000009a598800,0x000000009a600000)
 Metaspace       used 73105K, committed 74624K, reserved 1179648K
  class space    used 8374K, committed 9024K, reserved 1048576K
}
Event: 177449.030 GC heap after
{Heap after GC invocations=753 (full 3):
 PSYoungGen      total 2048K, used 224K [0x00000000d5580000, 0x00000000d5980000, 0x0000000100000000)
  eden space 1536K, 0% used [0x00000000d5580000,0x00000000d5580000,0x00000000d5700000)
  from space 512K, 43% used [0x00000000d5900000,0x00000000d5938000,0x00000000d5980000)
  to   space 512K, 0% used [0x00000000d5880000,0x00000000d5880000,0x00000000d5900000)
 ParOldGen       total 432128K, used 431730K [0x0000000080000000, 0x000000009a600000, 0x00000000d5580000)
  object space 432128K, 99% used [0x0000000080000000,0x000000009a59c800,0x000000009a600000)
 Metaspace       used 73105K, committed 74624K, reserved 1179648K
  class space    used 8374K, committed 9024K, reserved 1048576K
}
Event: 177449.048 GC heap before
{Heap before GC invocations=754 (full 3):
 PSYoungGen      total 2048K, used 1760K [0x00000000d5580000, 0x00000000d5980000, 0x0000000100000000)
  eden space 1536K, 100% used [0x00000000d5580000,0x00000000d5700000,0x00000000d5700000)
  from space 512K, 43% used [0x00000000d5900000,0x00000000d5938000,0x00000000d5980000)
  to   space 512K, 0% used [0x00000000d5880000,0x00000000d5880000,0x00000000d5900000)
 ParOldGen       total 432128K, used 431730K [0x0000000080000000, 0x000000009a600000, 0x00000000d5580000)
  object space 432128K, 99% used [0x0000000080000000,0x000000009a59c800,0x000000009a600000)
 Metaspace       used 73105K, committed 74624K, reserved 1179648K
  class space    used 8374K, committed 9024K, reserved 1048576K
}
Event: 177449.049 GC heap after
{Heap after GC invocations=754 (full 3):
 PSYoungGen      total 2048K, used 160K [0x00000000d5580000, 0x00000000d5980000, 0x0000000100000000)
  eden space 1536K, 0% used [0x00000000d5580000,0x00000000d5580000,0x00000000d5700000)
  from space 512K, 31% used [0x00000000d5880000,0x00000000d58a8000,0x00000000d5900000)
  to   space 512K, 0% used [0x00000000d5900000,0x00000000d5900000,0x00000000d5980000)
 ParOldGen       total 432128K, used 431754K [0x0000000080000000, 0x000000009a600000, 0x00000000d5580000)
  object space 432128K, 99% used [0x0000000080000000,0x000000009a5a2800,0x000000009a600000)
 Metaspace       used 73105K, committed 74624K, reserved 1179648K
  class space    used 8374K, committed 9024K, reserved 1048576K
}
Event: 177449.068 GC heap before
{Heap before GC invocations=755 (full 3):
 PSYoungGen      total 2048K, used 1696K [0x00000000d5580000, 0x00000000d5980000, 0x0000000100000000)
  eden space 1536K, 100% used [0x00000000d5580000,0x00000000d5700000,0x00000000d5700000)
  from space 512K, 31% used [0x00000000d5880000,0x00000000d58a8000,0x00000000d5900000)
  to   space 512K, 0% used [0x00000000d5900000,0x00000000d5900000,0x00000000d5980000)
 ParOldGen       total 432128K, used 431754K [0x0000000080000000, 0x000000009a600000, 0x00000000d5580000)
  object space 432128K, 99% used [0x0000000080000000,0x000000009a5a2800,0x000000009a600000)
 Metaspace       used 73114K, committed 74624K, reserved 1179648K
  class space    used 8374K, committed 9024K, reserved 1048576K
}
Event: 177449.069 GC heap after
{Heap after GC invocations=755 (full 3):
 PSYoungGen      total 2048K, used 160K [0x00000000d5580000, 0x00000000d5980000, 0x0000000100000000)
  eden space 1536K, 0% used [0x00000000d5580000,0x00000000d5580000,0x00000000d5700000)
  from space 512K, 31% used [0x00000000d5900000,0x00000000d5928000,0x00000000d5980000)
  to   space 512K, 0% used [0x00000000d5880000,0x00000000d5880000,0x00000000d5900000)
 ParOldGen       total 432128K, used 431770K [0x0000000080000000, 0x000000009a600000, 0x00000000d5580000)
  object space 432128K, 99% used [0x0000000080000000,0x000000009a5a6800,0x000000009a600000)
 Metaspace       used 73114K, committed 74624K, reserved 1179648K
  class space    used 8374K, committed 9024K, reserved 1048576K
}
Event: 178876.146 GC heap before
{Heap before GC invocations=756 (full 3):
 PSYoungGen      total 2048K, used 1696K [0x00000000d5580000, 0x00000000d5980000, 0x0000000100000000)
  eden space 1536K, 100% used [0x00000000d5580000,0x00000000d5700000,0x00000000d5700000)
  from space 512K, 31% used [0x00000000d5900000,0x00000000d5928000,0x00000000d5980000)
  to   space 512K, 0% used [0x00000000d5880000,0x00000000d5880000,0x00000000d5900000)
 ParOldGen       total 432128K, used 431770K [0x0000000080000000, 0x000000009a600000, 0x00000000d5580000)
  object space 432128K, 99% used [0x0000000080000000,0x000000009a5a6800,0x000000009a600000)
 Metaspace       used 73178K, committed 74624K, reserved 1179648K
  class space    used 8374K, committed 9024K, reserved 1048576K
}
Event: 178876.239 GC heap after
{Heap after GC invocations=756 (full 3):
 PSYoungGen      total 2048K, used 256K [0x00000000d5580000, 0x00000000d5980000, 0x0000000100000000)
  eden space 1536K, 0% used [0x00000000d5580000,0x00000000d5580000,0x00000000d5700000)
  from space 512K, 50% used [0x00000000d5880000,0x00000000d58c0000,0x00000000d5900000)
  to   space 512K, 0% used [0x00000000d5900000,0x00000000d5900000,0x00000000d5980000)
 ParOldGen       total 432128K, used 431786K [0x0000000080000000, 0x000000009a600000, 0x00000000d5580000)
  object space 432128K, 99% used [0x0000000080000000,0x000000009a5aa800,0x000000009a600000)
 Metaspace       used 73178K, committed 74624K, reserved 1179648K
  class space    used 8374K, committed 9024K, reserved 1048576K
}
Event: 180907.638 GC heap before
{Heap before GC invocations=757 (full 3):
 PSYoungGen      total 2048K, used 1792K [0x00000000d5580000, 0x00000000d5980000, 0x0000000100000000)
  eden space 1536K, 100% used [0x00000000d5580000,0x00000000d5700000,0x00000000d5700000)
  from space 512K, 50% used [0x00000000d5880000,0x00000000d58c0000,0x00000000d5900000)
  to   space 512K, 0% used [0x00000000d5900000,0x00000000d5900000,0x00000000d5980000)
 ParOldGen       total 432128K, used 431786K [0x0000000080000000, 0x000000009a600000, 0x00000000d5580000)
  object space 432128K, 99% used [0x0000000080000000,0x000000009a5aa800,0x000000009a600000)
 Metaspace       used 73178K, committed 74624K, reserved 1179648K
  class space    used 8374K, committed 9024K, reserved 1048576K
}
Event: 180907.733 GC heap after
{Heap after GC invocations=757 (full 3):
 PSYoungGen      total 2048K, used 256K [0x00000000d5580000, 0x00000000d5980000, 0x0000000100000000)
  eden space 1536K, 0% used [0x00000000d5580000,0x00000000d5580000,0x00000000d5700000)
  from space 512K, 50% used [0x00000000d5900000,0x00000000d5940000,0x00000000d5980000)
  to   space 512K, 0% used [0x00000000d5880000,0x00000000d5880000,0x00000000d5900000)
 ParOldGen       total 432128K, used 431834K [0x0000000080000000, 0x000000009a600000, 0x00000000d5580000)
  object space 432128K, 99% used [0x0000000080000000,0x000000009a5b6800,0x000000009a600000)
 Metaspace       used 73178K, committed 74624K, reserved 1179648K
  class space    used 8374K, committed 9024K, reserved 1048576K
}
Event: 181257.863 GC heap before
{Heap before GC invocations=758 (full 3):
 PSYoungGen      total 2048K, used 1792K [0x00000000d5580000, 0x00000000d5980000, 0x0000000100000000)
  eden space 1536K, 100% used [0x00000000d5580000,0x00000000d5700000,0x00000000d5700000)
  from space 512K, 50% used [0x00000000d5900000,0x00000000d5940000,0x00000000d5980000)
  to   space 512K, 0% used [0x00000000d5880000,0x00000000d5880000,0x00000000d5900000)
 ParOldGen       total 432128K, used 431834K [0x0000000080000000, 0x000000009a600000, 0x00000000d5580000)
  object space 432128K, 99% used [0x0000000080000000,0x000000009a5b6800,0x000000009a600000)
 Metaspace       used 73179K, committed 74624K, reserved 1179648K
  class space    used 8374K, committed 9024K, reserved 1048576K
}
Event: 181262.006 GC heap after
{Heap after GC invocations=758 (full 3):
 PSYoungGen      total 2048K, used 224K [0x00000000d5580000, 0x00000000d5980000, 0x0000000100000000)
  eden space 1536K, 0% used [0x00000000d5580000,0x00000000d5580000,0x00000000d5700000)
  from space 512K, 43% used [0x00000000d5880000,0x00000000d58b8000,0x00000000d5900000)
  to   space 512K, 0% used [0x00000000d5900000,0x00000000d5900000,0x00000000d5980000)
 ParOldGen       total 432128K, used 431866K [0x0000000080000000, 0x000000009a600000, 0x00000000d5580000)
  object space 432128K, 99% used [0x0000000080000000,0x000000009a5be800,0x000000009a600000)
 Metaspace       used 73179K, committed 74624K, reserved 1179648K
  class space    used 8374K, committed 9024K, reserved 1048576K
}
Event: 181582.000 GC heap before
{Heap before GC invocations=759 (full 3):
 PSYoungGen      total 2048K, used 1760K [0x00000000d5580000, 0x00000000d5980000, 0x0000000100000000)
  eden space 1536K, 100% used [0x00000000d5580000,0x00000000d5700000,0x00000000d5700000)
  from space 512K, 43% used [0x00000000d5880000,0x00000000d58b8000,0x00000000d5900000)
  to   space 512K, 0% used [0x00000000d5900000,0x00000000d5900000,0x00000000d5980000)
 ParOldGen       total 432128K, used 431866K [0x0000000080000000, 0x000000009a600000, 0x00000000d5580000)
  object space 432128K, 99% used [0x0000000080000000,0x000000009a5be800,0x000000009a600000)
 Metaspace       used 73189K, committed 74624K, reserved 1179648K
  class space    used 8374K, committed 9024K, reserved 1048576K
}
Event: 181582.002 GC heap after
{Heap after GC invocations=759 (full 3):
 PSYoungGen      total 2048K, used 224K [0x00000000d5580000, 0x00000000d5980000, 0x0000000100000000)
  eden space 1536K, 0% used [0x00000000d5580000,0x00000000d5580000,0x00000000d5700000)
  from space 512K, 43% used [0x00000000d5900000,0x00000000d5938000,0x00000000d5980000)
  to   space 512K, 0% used [0x00000000d5880000,0x00000000d5880000,0x00000000d5900000)
 ParOldGen       total 432128K, used 431866K [0x0000000080000000, 0x000000009a600000, 0x00000000d5580000)
  object space 432128K, 99% used [0x0000000080000000,0x000000009a5be800,0x000000009a600000)
 Metaspace       used 73189K, committed 74624K, reserved 1179648K
  class space    used 8374K, committed 9024K, reserved 1048576K
}

Dll operation events (15 events):
Event: 0.011 Loaded shared library c:\Users\Gamer\.vscode\extensions\redhat.java-1.44.0-win32-x64\jre\21.0.8-win32-x86_64\bin\java.dll
Event: 0.071 Loaded shared library c:\Users\Gamer\.vscode\extensions\redhat.java-1.44.0-win32-x64\jre\21.0.8-win32-x86_64\bin\zip.dll
Event: 0.090 Loaded shared library C:\Users\Gamer\.vscode\extensions\redhat.java-1.44.0-win32-x64\jre\21.0.8-win32-x86_64\bin\instrument.dll
Event: 0.094 Loaded shared library C:\Users\Gamer\.vscode\extensions\redhat.java-1.44.0-win32-x64\jre\21.0.8-win32-x86_64\bin\net.dll
Event: 0.096 Loaded shared library C:\Users\Gamer\.vscode\extensions\redhat.java-1.44.0-win32-x64\jre\21.0.8-win32-x86_64\bin\nio.dll
Event: 0.100 Loaded shared library C:\Users\Gamer\.vscode\extensions\redhat.java-1.44.0-win32-x64\jre\21.0.8-win32-x86_64\bin\zip.dll
Event: 0.121 Loaded shared library C:\Users\Gamer\.vscode\extensions\redhat.java-1.44.0-win32-x64\jre\21.0.8-win32-x86_64\bin\jimage.dll
Event: 0.188 Loaded shared library c:\Users\Gamer\.vscode\extensions\redhat.java-1.44.0-win32-x64\jre\21.0.8-win32-x86_64\bin\verify.dll
Event: 4.001 Loaded shared library C:\Users\Gamer\AppData\Roaming\Code\User\globalStorage\redhat.java\1.44.0\config_win\org.eclipse.equinox.launcher\org.eclipse.equinox.launcher.win32.win32.x86_64_1.2.1400.v20250730-1736\eclipse_11913.dll
Event: 11.177 Loaded shared library C:\Users\Gamer\AppData\Local\Temp\jna--1789714729\jna15438456506667791040.dll
Event: 12.418 Loaded shared library C:\Users\Gamer\.vscode\extensions\redhat.java-1.44.0-win32-x64\jre\21.0.8-win32-x86_64\bin\sunmscapi.dll
Event: 12.459 Loaded shared library C:\Users\Gamer\.vscode\extensions\redhat.java-1.44.0-win32-x64\jre\21.0.8-win32-x86_64\bin\extnet.dll
Event: 27.530 Loaded shared library C:\Users\Gamer\.gradle\native\c067742578af261105cb4f569cf0c3c89f3d7b1fecec35dd04571415982c5e48\windows-amd64\native-platform.dll
Event: 33.675 Loaded shared library C:\Users\Gamer\.vscode\extensions\redhat.java-1.44.0-win32-x64\jre\21.0.8-win32-x86_64\bin\management.dll
Event: 33.677 Loaded shared library C:\Users\Gamer\.vscode\extensions\redhat.java-1.44.0-win32-x64\jre\21.0.8-win32-x86_64\bin\management_ext.dll

Deoptimization events (20 events):
Event: 177442.100 Thread 0x00000211415d55e0 DEOPT PACKING pc=0x000002116ad86088 sp=0x00000094e7cff220
Event: 177442.100 Thread 0x00000211415d55e0 DEOPT UNPACKING pc=0x0000021169fe3aa2 sp=0x00000094e7cff108 mode 2
Event: 177442.303 Thread 0x00000211415d55e0 Uncommon trap: trap_request=0xffffff45 fr.pc=0x000002116abfb000 relative=0x0000000000000060
Event: 177442.303 Thread 0x00000211415d55e0 Uncommon trap: reason=unstable_if action=reinterpret pc=0x000002116abfb000 method=java.util.regex.Pattern$LastNode.match(Ljava/util/regex/Matcher;ILjava/lang/CharSequence;)Z @ 13 c2
Event: 177442.303 Thread 0x00000211415d55e0 DEOPT PACKING pc=0x000002116abfb000 sp=0x00000094e7cfe9e0
Event: 177442.303 Thread 0x00000211415d55e0 DEOPT UNPACKING pc=0x0000021169fe3aa2 sp=0x00000094e7cfe958 mode 2
Event: 177448.539 Thread 0x00000211415d7020 Uncommon trap: trap_request=0xffffff45 fr.pc=0x000002116a59f2a0 relative=0x00000000000009c0
Event: 177448.539 Thread 0x00000211415d7020 Uncommon trap: reason=unstable_if action=reinterpret pc=0x000002116a59f2a0 method=sun.nio.cs.StreamDecoder.implRead([CII)I @ 36 c2
Event: 177448.539 Thread 0x00000211415d7020 DEOPT PACKING pc=0x000002116a59f2a0 sp=0x00000094e7dfe310
Event: 177448.539 Thread 0x00000211415d7020 DEOPT UNPACKING pc=0x0000021169fe3aa2 sp=0x00000094e7dfe2b0 mode 2
Event: 177709.509 Thread 0x00000211776c0210 Uncommon trap: trap_request=0xffffff45 fr.pc=0x000002116adda15c relative=0x000000000000139c
Event: 177709.509 Thread 0x00000211776c0210 Uncommon trap: reason=unstable_if action=reinterpret pc=0x000002116adda15c method=org.eclipse.jdt.ls.core.internal.filesystem.JLSFile.getFileStore(Lorg/eclipse/core/runtime/IPath;)Lorg/eclipse/core/filesystem/IFileStore; @ 20 c2
Event: 177709.509 Thread 0x00000211776c0210 DEOPT PACKING pc=0x000002116adda15c sp=0x00000094e66fedb0
Event: 177709.509 Thread 0x00000211776c0210 DEOPT UNPACKING pc=0x0000021169fe3aa2 sp=0x00000094e66fecf8 mode 2
Event: 177709.509 Thread 0x00000211776c0210 Uncommon trap: trap_request=0xffffff45 fr.pc=0x000002116add7810 relative=0x0000000000000850
Event: 177709.509 Thread 0x00000211776c0210 Uncommon trap: reason=unstable_if action=reinterpret pc=0x000002116add7810 method=org.eclipse.jdt.ls.core.internal.filesystem.JLSFile.getFileStore(Lorg/eclipse/core/runtime/IPath;)Lorg/eclipse/core/filesystem/IFileStore; @ 20 c2
Event: 177709.509 Thread 0x00000211776c0210 DEOPT PACKING pc=0x000002116add7810 sp=0x00000094e66fed30
Event: 177709.509 Thread 0x00000211776c0210 DEOPT UNPACKING pc=0x0000021169fe3aa2 sp=0x00000094e66fecf0 mode 2
Event: 179776.246 Thread 0x00000211776c0210 DEOPT PACKING pc=0x000002116330235b sp=0x00000094e66fe770
Event: 179776.248 Thread 0x00000211776c0210 DEOPT UNPACKING pc=0x0000021169fe4242 sp=0x00000094e66fdbf8 mode 0

Classes loaded (20 events):
Event: 313.923 Loading class java/util/stream/Nodes$ConcNode
Event: 313.923 Loading class java/util/stream/Nodes$AbstractConcNode
Event: 313.924 Loading class java/util/stream/Nodes$AbstractConcNode done
Event: 313.924 Loading class java/util/stream/Nodes$ConcNode done
Event: 313.929 Loading class java/io/ObjectOutputStream$BlockDataOutputStream
Event: 313.930 Loading class java/io/ObjectOutputStream$BlockDataOutputStream done
Event: 313.930 Loading class java/io/ObjectOutputStream$HandleTable
Event: 313.930 Loading class java/io/ObjectOutputStream$HandleTable done
Event: 313.930 Loading class java/io/ObjectOutputStream$ReplaceTable
Event: 313.930 Loading class java/io/ObjectOutputStream$ReplaceTable done
Event: 177408.780 Loading class java/util/AbstractList$RandomAccessSubList
Event: 177408.798 Loading class java/util/AbstractList$SubList
Event: 177408.810 Loading class java/util/AbstractList$SubList done
Event: 177408.810 Loading class java/util/AbstractList$RandomAccessSubList done
Event: 177408.811 Loading class java/util/AbstractList$SubList$1
Event: 177408.815 Loading class java/util/AbstractList$SubList$1 done
Event: 177409.205 Loading class java/nio/charset/CharacterCodingException
Event: 177409.206 Loading class java/nio/charset/CharacterCodingException done
Event: 177409.207 Loading class java/io/SequenceInputStream
Event: 177409.208 Loading class java/io/SequenceInputStream done

Classes unloaded (7 events):
Event: 11.596 Thread 0x000002115f8029b0 Unloading class 0x00000211011ad000 'java/lang/invoke/LambdaForm$MH+0x00000211011ad000'
Event: 11.596 Thread 0x000002115f8029b0 Unloading class 0x00000211011acc00 'java/lang/invoke/LambdaForm$MH+0x00000211011acc00'
Event: 11.596 Thread 0x000002115f8029b0 Unloading class 0x00000211011ac800 'java/lang/invoke/LambdaForm$MH+0x00000211011ac800'
Event: 11.596 Thread 0x000002115f8029b0 Unloading class 0x00000211011ac400 'java/lang/invoke/LambdaForm$MH+0x00000211011ac400'
Event: 11.596 Thread 0x000002115f8029b0 Unloading class 0x00000211011ac000 'java/lang/invoke/LambdaForm$BMH+0x00000211011ac000'
Event: 11.596 Thread 0x000002115f8029b0 Unloading class 0x00000211011abc00 'java/lang/invoke/LambdaForm$DMH+0x00000211011abc00'
Event: 11.596 Thread 0x000002115f8029b0 Unloading class 0x00000211011aa800 'java/lang/invoke/LambdaForm$DMH+0x00000211011aa800'

Classes redefined (0 events):
No events

Internal exceptions (20 events):
Event: 34.365 Thread 0x00000211415d76b0 Exception <a 'sun/nio/fs/WindowsException'{0x00000000d5608168}> (0x00000000d5608168) 
thrown [s\src\hotspot\share\prims\jni.cpp, line 520]
Event: 34.366 Thread 0x00000211415d76b0 Exception <a 'sun/nio/fs/WindowsException'{0x00000000d5608ec8}> (0x00000000d5608ec8) 
thrown [s\src\hotspot\share\prims\jni.cpp, line 520]
Event: 34.366 Thread 0x00000211415d76b0 Exception <a 'sun/nio/fs/WindowsException'{0x00000000d56095f0}> (0x00000000d56095f0) 
thrown [s\src\hotspot\share\prims\jni.cpp, line 520]
Event: 34.366 Thread 0x00000211415d76b0 Exception <a 'sun/nio/fs/WindowsException'{0x00000000d560aeb8}> (0x00000000d560aeb8) 
thrown [s\src\hotspot\share\prims\jni.cpp, line 520]
Event: 34.366 Thread 0x00000211415d76b0 Exception <a 'sun/nio/fs/WindowsException'{0x00000000d560b5e0}> (0x00000000d560b5e0) 
thrown [s\src\hotspot\share\prims\jni.cpp, line 520]
Event: 34.372 Thread 0x00000211415d76b0 Exception <a 'sun/nio/fs/WindowsException'{0x00000000d56b2cd8}> (0x00000000d56b2cd8) 
thrown [s\src\hotspot\share\prims\jni.cpp, line 520]
Event: 34.372 Thread 0x00000211415d76b0 Exception <a 'sun/nio/fs/WindowsException'{0x00000000d56b3400}> (0x00000000d56b3400) 
thrown [s\src\hotspot\share\prims\jni.cpp, line 520]
Event: 34.372 Thread 0x00000211415d76b0 Exception <a 'sun/nio/fs/WindowsException'{0x00000000d56b4160}> (0x00000000d56b4160) 
thrown [s\src\hotspot\share\prims\jni.cpp, line 520]
Event: 34.372 Thread 0x00000211415d76b0 Exception <a 'sun/nio/fs/WindowsException'{0x00000000d56b4888}> (0x00000000d56b4888) 
thrown [s\src\hotspot\share\prims\jni.cpp, line 520]
Event: 34.373 Thread 0x00000211415d76b0 Exception <a 'sun/nio/fs/WindowsException'{0x00000000d56b5f10}> (0x00000000d56b5f10) 
thrown [s\src\hotspot\share\prims\jni.cpp, line 520]
Event: 34.373 Thread 0x00000211415d76b0 Exception <a 'sun/nio/fs/WindowsException'{0x00000000d56b6638}> (0x00000000d56b6638) 
thrown [s\src\hotspot\share\prims\jni.cpp, line 520]
Event: 34.378 Thread 0x00000211415d76b0 Exception <a 'sun/nio/fs/WindowsException'{0x00000000d5591218}> (0x00000000d5591218) 
thrown [s\src\hotspot\share\prims\jni.cpp, line 520]
Event: 34.378 Thread 0x00000211415d76b0 Exception <a 'sun/nio/fs/WindowsException'{0x00000000d5591b80}> (0x00000000d5591b80) 
thrown [s\src\hotspot\share\prims\jni.cpp, line 520]
Event: 34.378 Thread 0x00000211415d76b0 Exception <a 'sun/nio/fs/WindowsException'{0x00000000d55928e0}> (0x00000000d55928e0) 
thrown [s\src\hotspot\share\prims\jni.cpp, line 520]
Event: 34.379 Thread 0x00000211415d76b0 Exception <a 'sun/nio/fs/WindowsException'{0x00000000d5593008}> (0x00000000d5593008) 
thrown [s\src\hotspot\share\prims\jni.cpp, line 520]
Event: 34.379 Thread 0x00000211415d76b0 Exception <a 'sun/nio/fs/WindowsException'{0x00000000d5594690}> (0x00000000d5594690) 
thrown [s\src\hotspot\share\prims\jni.cpp, line 520]
Event: 34.379 Thread 0x00000211415d76b0 Exception <a 'sun/nio/fs/WindowsException'{0x00000000d5594db8}> (0x00000000d5594db8) 
thrown [s\src\hotspot\share\prims\jni.cpp, line 520]
Event: 313.934 Thread 0x00000211776c0210 Exception <a 'java/lang/NoSuchMethodError'{0x00000000d562b398}: 'java.lang.Object java.lang.invoke.DirectMethodHandle$Holder.newInvokeSpecial(java.lang.Object, java.lang.Object, java.lang.Object, java.lang.Object, java.lang.Object, java.lang.Object, java.lang.Object, java.lang.Object)'> (0x00000000d562b398) 
thrown [s\src\hotspot\share\interpreter\linkResolver.cpp, line 773]
Event: 177409.367 Thread 0x00000211415d55e0 Exception <a 'java/io/FileNotFoundException'{0x00000000d55f7b90}> (0x00000000d55f7b90) 
thrown [s\src\hotspot\share\prims\jni.cpp, line 520]
Event: 177409.367 Thread 0x00000211415d55e0 Exception <a 'java/io/FileNotFoundException'{0x00000000d55f8be0}> (0x00000000d55f8be0) 
thrown [s\src\hotspot\share\prims\jni.cpp, line 520]

ZGC Phase Switch (0 events):
No events

VM Operations (20 events):
Event: 182765.974 Executing VM operation: HandshakeAllThreads (HandshakeForDeflation)
Event: 182765.974 Executing VM operation: HandshakeAllThreads (HandshakeForDeflation) done
Event: 182765.974 Executing VM operation: RendezvousGCThreads
Event: 182765.974 Executing VM operation: RendezvousGCThreads done
Event: 182826.017 Executing VM operation: HandshakeAllThreads (HandshakeForDeflation)
Event: 182826.017 Executing VM operation: HandshakeAllThreads (HandshakeForDeflation) done
Event: 182826.017 Executing VM operation: RendezvousGCThreads
Event: 182826.017 Executing VM operation: RendezvousGCThreads done
Event: 182946.458 Executing VM operation: HandshakeAllThreads (HandshakeForDeflation)
Event: 182946.458 Executing VM operation: HandshakeAllThreads (HandshakeForDeflation) done
Event: 182946.458 Executing VM operation: RendezvousGCThreads
Event: 182946.458 Executing VM operation: RendezvousGCThreads done
Event: 183006.661 Executing VM operation: HandshakeAllThreads (HandshakeForDeflation)
Event: 183006.661 Executing VM operation: HandshakeAllThreads (HandshakeForDeflation) done
Event: 183006.661 Executing VM operation: RendezvousGCThreads
Event: 183006.661 Executing VM operation: RendezvousGCThreads done
Event: 183127.127 Executing VM operation: HandshakeAllThreads (HandshakeForDeflation)
Event: 183127.127 Executing VM operation: HandshakeAllThreads (HandshakeForDeflation) done
Event: 183127.127 Executing VM operation: RendezvousGCThreads
Event: 183127.127 Executing VM operation: RendezvousGCThreads done

Memory protections (0 events):
No events

Nmethod flushes (20 events):
Event: 14.991 Thread 0x000002115f8029b0 flushing  nmethod 0x0000021163304310
Event: 14.991 Thread 0x000002115f8029b0 flushing  nmethod 0x0000021163307a90
Event: 14.991 Thread 0x000002115f8029b0 flushing  nmethod 0x0000021163309a90
Event: 14.991 Thread 0x000002115f8029b0 flushing  nmethod 0x000002116330a090
Event: 14.991 Thread 0x000002115f8029b0 flushing  nmethod 0x000002116330a910
Event: 14.991 Thread 0x000002115f8029b0 flushing  nmethod 0x000002116330ee10
Event: 14.991 Thread 0x000002115f8029b0 flushing  nmethod 0x0000021163332890
Event: 14.991 Thread 0x000002115f8029b0 flushing  nmethod 0x0000021163340610
Event: 14.991 Thread 0x000002115f8029b0 flushing  nmethod 0x0000021163346c10
Event: 14.991 Thread 0x000002115f8029b0 flushing  nmethod 0x000002116335fb90
Event: 14.991 Thread 0x000002115f8029b0 flushing  nmethod 0x0000021163362c10
Event: 14.991 Thread 0x000002115f8029b0 flushing  nmethod 0x0000021163363d90
Event: 14.991 Thread 0x000002115f8029b0 flushing  nmethod 0x0000021163365310
Event: 14.991 Thread 0x000002115f8029b0 flushing  nmethod 0x0000021163367690
Event: 14.991 Thread 0x000002115f8029b0 flushing  nmethod 0x0000021163368790
Event: 14.991 Thread 0x000002115f8029b0 flushing  nmethod 0x0000021163371310
Event: 14.991 Thread 0x000002115f8029b0 flushing osr nmethod 0x0000021163377a90
Event: 14.991 Thread 0x000002115f8029b0 flushing  nmethod 0x00000211633b3090
Event: 14.991 Thread 0x000002115f8029b0 flushing  nmethod 0x00000211633df890
Event: 14.991 Thread 0x000002115f8029b0 flushing  nmethod 0x0000021163405090

Events (20 events):
Event: 313.944 Thread 0x0000021177575d40 Thread added: 0x000002117f15fbd0
Event: 314.045 Thread 0x00000211415d76b0 Thread added: 0x00000211415faed0
Event: 314.183 Thread 0x00000211415d9780 Thread exited: 0x00000211415d9780
Event: 314.206 Thread 0x00000211415d90f0 Thread exited: 0x00000211415d90f0
Event: 314.206 Thread 0x00000211415f9b20 Thread exited: 0x00000211415f9b20
Event: 315.383 Thread 0x00000211415fa840 Thread exited: 0x00000211415fa840
Event: 315.414 Thread 0x00000211415fa1b0 Thread exited: 0x00000211415fa1b0
Event: 319.048 Thread 0x000002117f15fbd0 Thread exited: 0x000002117f15fbd0
Event: 334.444 Thread 0x00000211415fe350 Thread exited: 0x00000211415fe350
Event: 554.057 Thread 0x00000211415faed0 Thread exited: 0x00000211415faed0
Event: 177409.439 Thread 0x0000021177575d40 Thread added: 0x000002117f160970
Event: 177409.703 Thread 0x0000021177575d40 Thread added: 0x000002117f161040
Event: 177410.760 Thread 0x000002117f160970 Thread exited: 0x000002117f160970
Event: 177410.760 Thread 0x000002117f161040 Thread exited: 0x000002117f161040
Event: 177417.393 Thread 0x0000021177575d40 Thread added: 0x000002117f160970
Event: 177418.630 Thread 0x000002117f160970 Thread exited: 0x000002117f160970
Event: 177441.922 Thread 0x0000021177566020 Thread added: 0x000002117f160970
Event: 177443.138 Thread 0x000002117f160970 Thread exited: 0x000002117f160970
Event: 177709.492 Thread 0x00000211776c0210 Thread added: 0x00000211415fa840
Event: 177709.493 Thread 0x00000211415fa840 Thread exited: 0x00000211415fa840


Dynamic libraries:
0x00007ff786bf0000 - 0x00007ff786bfe000 	c:\Users\Gamer\.vscode\extensions\redhat.java-1.44.0-win32-x64\jre\21.0.8-win32-x86_64\bin\java.exe
0x00007ffcf87e0000 - 0x00007ffcf8a47000 	C:\WINDOWS\SYSTEM32\ntdll.dll
0x00007ffcf71c0000 - 0x00007ffcf7289000 	C:\WINDOWS\System32\KERNEL32.DLL
0x00007ffcf5bd0000 - 0x00007ffcf5fc0000 	C:\WINDOWS\System32\KERNELBASE.dll
0x00007ffcf28e0000 - 0x00007ffcf297e000 	C:\WINDOWS\SYSTEM32\apphelp.dll
0x00007ffcf5fd0000 - 0x00007ffcf611b000 	C:\WINDOWS\System32\ucrtbase.dll
0x00007ffcd65a0000 - 0x00007ffcd65be000 	c:\Users\Gamer\.vscode\extensions\redhat.java-1.44.0-win32-x64\jre\21.0.8-win32-x86_64\bin\VCRUNTIME140.dll
0x00007ffcc2400000 - 0x00007ffcc2418000 	c:\Users\Gamer\.vscode\extensions\redhat.java-1.44.0-win32-x64\jre\21.0.8-win32-x86_64\bin\jli.dll
0x00007ffcf7f10000 - 0x00007ffcf80d5000 	C:\WINDOWS\System32\USER32.dll
0x00007ffcdff90000 - 0x00007ffce022a000 	C:\WINDOWS\WinSxS\amd64_microsoft.windows.common-controls_6595b64144ccf1df_6.0.26100.4768_none_3e0c112ce331287c\COMCTL32.dll
0x00007ffcf6340000 - 0x00007ffcf6367000 	C:\WINDOWS\System32\win32u.dll
0x00007ffcf81f0000 - 0x00007ffcf8299000 	C:\WINDOWS\System32\msvcrt.dll
0x00007ffcf75a0000 - 0x00007ffcf75cb000 	C:\WINDOWS\System32\GDI32.dll
0x00007ffcf6370000 - 0x00007ffcf64a8000 	C:\WINDOWS\System32\gdi32full.dll
0x00007ffcf5b20000 - 0x00007ffcf5bc3000 	C:\WINDOWS\System32\msvcp_win.dll
0x00007ffcf6570000 - 0x00007ffcf659f000 	C:\WINDOWS\System32\IMM32.DLL
0x00007ffcd6590000 - 0x00007ffcd659c000 	c:\Users\Gamer\.vscode\extensions\redhat.java-1.44.0-win32-x64\jre\21.0.8-win32-x86_64\bin\vcruntime140_1.dll
0x00007ffc6b230000 - 0x00007ffc6b2bd000 	c:\Users\Gamer\.vscode\extensions\redhat.java-1.44.0-win32-x64\jre\21.0.8-win32-x86_64\bin\msvcp140.dll
0x00007ffc12350000 - 0x00007ffc130e7000 	c:\Users\Gamer\.vscode\extensions\redhat.java-1.44.0-win32-x64\jre\21.0.8-win32-x86_64\bin\server\jvm.dll
0x00007ffcf82a0000 - 0x00007ffcf8354000 	C:\WINDOWS\System32\ADVAPI32.dll
0x00007ffcf8360000 - 0x00007ffcf8406000 	C:\WINDOWS\System32\sechost.dll
0x00007ffcf7290000 - 0x00007ffcf73a8000 	C:\WINDOWS\System32\RPCRT4.dll
0x00007ffcf8480000 - 0x00007ffcf84f4000 	C:\WINDOWS\System32\WS2_32.dll
0x00007ffcf56c0000 - 0x00007ffcf571e000 	C:\WINDOWS\SYSTEM32\POWRPROF.dll
0x00007ffcee8f0000 - 0x00007ffcee8fb000 	C:\WINDOWS\SYSTEM32\VERSION.dll
0x00007ffce4e90000 - 0x00007ffce4ec5000 	C:\WINDOWS\SYSTEM32\WINMM.dll
0x00007ffcf55b0000 - 0x00007ffcf55c4000 	C:\WINDOWS\SYSTEM32\UMPDC.dll
0x00007ffcf4690000 - 0x00007ffcf46ab000 	C:\WINDOWS\SYSTEM32\kernel.appcore.dll
0x00007ffcc7790000 - 0x00007ffcc779a000 	c:\Users\Gamer\.vscode\extensions\redhat.java-1.44.0-win32-x64\jre\21.0.8-win32-x86_64\bin\jimage.dll
0x00007ffce2db0000 - 0x00007ffce2ff1000 	C:\WINDOWS\SYSTEM32\DBGHELP.DLL
0x00007ffcf6d90000 - 0x00007ffcf7115000 	C:\WINDOWS\System32\combase.dll
0x00007ffcf74b0000 - 0x00007ffcf7590000 	C:\WINDOWS\System32\OLEAUT32.dll
0x00007ffcc7740000 - 0x00007ffcc7783000 	C:\WINDOWS\SYSTEM32\dbgcore.DLL
0x00007ffcf62a0000 - 0x00007ffcf6339000 	C:\WINDOWS\System32\bcryptPrimitives.dll
0x00007ffcc3450000 - 0x00007ffcc345f000 	c:\Users\Gamer\.vscode\extensions\redhat.java-1.44.0-win32-x64\jre\21.0.8-win32-x86_64\bin\instrument.dll
0x00007ffcb3620000 - 0x00007ffcb363f000 	c:\Users\Gamer\.vscode\extensions\redhat.java-1.44.0-win32-x64\jre\21.0.8-win32-x86_64\bin\java.dll
0x00007ffcf65f0000 - 0x00007ffcf6d3d000 	C:\WINDOWS\System32\SHELL32.dll
0x00007ffcf6120000 - 0x00007ffcf6293000 	C:\WINDOWS\System32\wintypes.dll
0x00007ffcf3530000 - 0x00007ffcf3d90000 	C:\WINDOWS\SYSTEM32\windows.storage.dll
0x00007ffcf80f0000 - 0x00007ffcf81e5000 	C:\WINDOWS\System32\SHCORE.dll
0x00007ffcf8410000 - 0x00007ffcf847a000 	C:\WINDOWS\System32\shlwapi.dll
0x00007ffcf5830000 - 0x00007ffcf5859000 	C:\WINDOWS\SYSTEM32\profapi.dll
0x00007ffcb3600000 - 0x00007ffcb3618000 	c:\Users\Gamer\.vscode\extensions\redhat.java-1.44.0-win32-x64\jre\21.0.8-win32-x86_64\bin\zip.dll
0x00007ffcbf5a0000 - 0x00007ffcbf5b0000 	C:\Users\Gamer\.vscode\extensions\redhat.java-1.44.0-win32-x64\jre\21.0.8-win32-x86_64\bin\net.dll
0x00007ffceefb0000 - 0x00007ffcef0ce000 	C:\WINDOWS\SYSTEM32\WINHTTP.dll
0x00007ffcf4c20000 - 0x00007ffcf4c8b000 	C:\WINDOWS\system32\mswsock.dll
0x00007ffcb35e0000 - 0x00007ffcb35f6000 	C:\Users\Gamer\.vscode\extensions\redhat.java-1.44.0-win32-x64\jre\21.0.8-win32-x86_64\bin\nio.dll
0x00007ffcbd820000 - 0x00007ffcbd830000 	c:\Users\Gamer\.vscode\extensions\redhat.java-1.44.0-win32-x64\jre\21.0.8-win32-x86_64\bin\verify.dll
0x00007ffcb7bd0000 - 0x00007ffcb7c15000 	C:\Users\Gamer\AppData\Roaming\Code\User\globalStorage\redhat.java\1.44.0\config_win\org.eclipse.equinox.launcher\org.eclipse.equinox.launcher.win32.win32.x86_64_1.2.1400.v20250730-1736\eclipse_11913.dll
0x00007ffcf7d60000 - 0x00007ffcf7f00000 	C:\WINDOWS\System32\ole32.dll
0x00007ffcf4ee0000 - 0x00007ffcf4efb000 	C:\WINDOWS\SYSTEM32\CRYPTSP.dll
0x00007ffcf45f0000 - 0x00007ffcf462b000 	C:\WINDOWS\system32\rsaenh.dll
0x00007ffcf4cc0000 - 0x00007ffcf4ceb000 	C:\WINDOWS\SYSTEM32\USERENV.dll
0x00007ffcf5800000 - 0x00007ffcf5826000 	C:\WINDOWS\SYSTEM32\bcrypt.dll
0x00007ffcf4f00000 - 0x00007ffcf4f0c000 	C:\WINDOWS\SYSTEM32\CRYPTBASE.dll
0x00007ffcf40a0000 - 0x00007ffcf40d3000 	C:\WINDOWS\SYSTEM32\IPHLPAPI.DLL
0x00007ffcf80e0000 - 0x00007ffcf80ea000 	C:\WINDOWS\System32\NSI.dll
0x00007ffc734d0000 - 0x00007ffc73519000 	C:\Users\Gamer\AppData\Local\Temp\jna--1789714729\jna15438456506667791040.dll
0x00007ffcf7410000 - 0x00007ffcf7418000 	C:\WINDOWS\System32\PSAPI.DLL
0x00007ffceef80000 - 0x00007ffceef9f000 	C:\WINDOWS\SYSTEM32\dhcpcsvc6.DLL
0x00007ffceef50000 - 0x00007ffceef75000 	C:\WINDOWS\SYSTEM32\dhcpcsvc.DLL
0x00007ffcd1630000 - 0x00007ffcd163e000 	C:\Users\Gamer\.vscode\extensions\redhat.java-1.44.0-win32-x64\jre\21.0.8-win32-x86_64\bin\sunmscapi.dll
0x00007ffcf59a0000 - 0x00007ffcf5b17000 	C:\WINDOWS\System32\CRYPT32.dll
0x00007ffcf5100000 - 0x00007ffcf5130000 	C:\WINDOWS\SYSTEM32\ncrypt.dll
0x00007ffcf50b0000 - 0x00007ffcf50ef000 	C:\WINDOWS\SYSTEM32\NTASN1.dll
0x00007ffcf40e0000 - 0x00007ffcf4206000 	C:\WINDOWS\SYSTEM32\DNSAPI.dll
0x00007ffceaf70000 - 0x00007ffceaf7b000 	C:\Windows\System32\rasadhlp.dll
0x00007ffcee2d0000 - 0x00007ffcee356000 	C:\WINDOWS\System32\fwpuclnt.dll
0x00007ffcc24c0000 - 0x00007ffcc24c9000 	C:\Users\Gamer\.vscode\extensions\redhat.java-1.44.0-win32-x64\jre\21.0.8-win32-x86_64\bin\extnet.dll
0x00007ffc98bf0000 - 0x00007ffc98c17000 	C:\Users\Gamer\.gradle\native\c067742578af261105cb4f569cf0c3c89f3d7b1fecec35dd04571415982c5e48\windows-amd64\native-platform.dll
0x00007ffcd5c00000 - 0x00007ffcd5c0a000 	C:\Users\Gamer\.vscode\extensions\redhat.java-1.44.0-win32-x64\jre\21.0.8-win32-x86_64\bin\management.dll
0x00007ffcd5bf0000 - 0x00007ffcd5bfb000 	C:\Users\Gamer\.vscode\extensions\redhat.java-1.44.0-win32-x64\jre\21.0.8-win32-x86_64\bin\management_ext.dll

JVMTI agents:
c:\Users\Gamer\.vscode\extensions\redhat.java-1.44.0-win32-x64\lombok\lombok-1.18.39-4050.jar path:c:\Users\Gamer\.vscode\extensions\redhat.java-1.44.0-win32-x64\jre\21.0.8-win32-x86_64\bin\instrument.dll, loaded, initialized, instrumentlib options:none

dbghelp: loaded successfully - version: 4.0.5 - missing functions: none
symbol engine: initialized successfully - sym options: 0x614 - pdb path: .;c:\Users\Gamer\.vscode\extensions\redhat.java-1.44.0-win32-x64\jre\21.0.8-win32-x86_64\bin;C:\WINDOWS\SYSTEM32;C:\WINDOWS\WinSxS\amd64_microsoft.windows.common-controls_6595b64144ccf1df_6.0.26100.4768_none_3e0c112ce331287c;c:\Users\Gamer\.vscode\extensions\redhat.java-1.44.0-win32-x64\jre\21.0.8-win32-x86_64\bin\server;C:\Users\Gamer\AppData\Roaming\Code\User\globalStorage\redhat.java\1.44.0\config_win\org.eclipse.equinox.launcher\org.eclipse.equinox.launcher.win32.win32.x86_64_1.2.1400.v20250730-1736;C:\Users\Gamer\AppData\Local\Temp\jna--1789714729;C:\Users\Gamer\.gradle\native\c067742578af261105cb4f569cf0c3c89f3d7b1fecec35dd04571415982c5e48\windows-amd64

VM Arguments:
jvm_args: --add-modules=ALL-SYSTEM --add-opens=java.base/java.util=ALL-UNNAMED --add-opens=java.base/java.lang=ALL-UNNAMED --add-opens=java.base/sun.nio.fs=ALL-UNNAMED -Declipse.application=org.eclipse.jdt.ls.core.id1 -Dosgi.bundles.defaultStartLevel=4 -Declipse.product=org.eclipse.jdt.ls.core.product -Djava.import.generatesMetadataFilesAtProjectRoot=false -DDetectVMInstallationsJob.disabled=true -Dfile.encoding=utf8 -XX:+UseParallelGC -XX:GCTimeRatio=4 -XX:AdaptiveSizePolicyWeight=90 -Dsun.zip.disableMemoryMapping=true -Xmx2G -Xms100m -Xlog:disable -javaagent:c:\Users\Gamer\.vscode\extensions\redhat.java-1.44.0-win32-x64\lombok\lombok-1.18.39-4050.jar -XX:+HeapDumpOnOutOfMemoryError -XX:HeapDumpPath=c:\Users\Gamer\AppData\Roaming\Code\User\workspaceStorage\c92467a4f912a076a8497abe25e10870\redhat.java -Daether.dependencyCollector.impl=bf 
java_command: c:\Users\Gamer\.vscode\extensions\redhat.java-1.44.0-win32-x64\server\plugins\org.eclipse.equinox.launcher_1.7.0.v20250519-0528.jar -configuration c:\Users\Gamer\AppData\Roaming\Code\User\globalStorage\redhat.java\1.44.0\config_win -data c:\Users\Gamer\AppData\Roaming\Code\User\workspaceStorage\c92467a4f912a076a8497abe25e10870\redhat.java\jdt_ws --pipe=\\.\pipe\lsp-c8258b0d75d3bc1b727418a2649cef93-sock
java_class_path (initial): c:\Users\Gamer\.vscode\extensions\redhat.java-1.44.0-win32-x64\server\plugins\org.eclipse.equinox.launcher_1.7.0.v20250519-0528.jar
Launcher Type: SUN_STANDARD

[Global flags]
    uintx AdaptiveSizePolicyWeight                 = 90                                        {product} {command line}
     intx CICompilerCount                          = 4                                         {product} {ergonomic}
    uintx GCTimeRatio                              = 4                                         {product} {command line}
     bool HeapDumpOnOutOfMemoryError               = true                                   {manageable} {command line}
    ccstr HeapDumpPath                             = c:\Users\Gamer\AppData\Roaming\Code\User\workspaceStorage\c92467a4f912a076a8497abe25e10870\redhat.java         {manageable} {command line}
   size_t InitialHeapSize                          = 104857600                                 {product} {command line}
   size_t MaxHeapSize                              = 2147483648                                {product} {command line}
   size_t MaxNewSize                               = 715653120                                 {product} {ergonomic}
   size_t MinHeapDeltaBytes                        = 524288                                    {product} {ergonomic}
   size_t MinHeapSize                              = 104857600                                 {product} {command line}
   size_t NewSize                                  = 34603008                                  {product} {ergonomic}
    uintx NonNMethodCodeHeapSize                   = 5839372                                {pd product} {ergonomic}
    uintx NonProfiledCodeHeapSize                  = 122909434                              {pd product} {ergonomic}
   size_t OldSize                                  = 70254592                                  {product} {ergonomic}
    uintx ProfiledCodeHeapSize                     = 122909434                              {pd product} {ergonomic}
    uintx ReservedCodeCacheSize                    = 251658240                              {pd product} {ergonomic}
     bool SegmentedCodeCache                       = true                                      {product} {ergonomic}
   size_t SoftMaxHeapSize                          = 2147483648                             {manageable} {ergonomic}
     bool UseCompressedOops                        = true                           {product lp64_product} {ergonomic}
     bool UseLargePagesIndividualAllocation        = false                                  {pd product} {ergonomic}
     bool UseParallelGC                            = true                                      {product} {command line}

Logging:
Log output configuration:
 #0: stdout all=off uptime,level,tags foldmultilines=false
 #1: stderr all=off uptime,level,tags foldmultilines=false

Environment Variables:
PATH=C:\app\FelipeJara\product\21c\dbhomeXE\bin;C:\Program Files\Common Files\Oracle\Java\javapath;C:\Program Files\Eclipse Adoptium\jdk-17.0.4.101-hotspot\bin;C:\WINDOWS\system32;C:\WINDOWS;C:\WINDOWS\System32\Wbem;C:\WINDOWS\System32\WindowsPowerShell\v1.0\;C:\WINDOWS\System32\OpenSSH\;C:\Program Files\Git\cmd;C:\Program Files\php-8.0.23;C:\Program Files\NVIDIA Corporation\NVIDIA NvDLISR;C:\sonar-scanner-4.8.0.2856-windows\bin;C:\Program Files (x86)\NVIDIA Corporation\PhysX\Common;%NVM_HOME%;%NVM_SYMLINK%;C:\WINDOWS\system32;C:\WINDOWS;C:\WINDOWS\System32\Wbem;C:\WINDOWS\System32\WindowsPowerShell\v1.0\;C:\WINDOWS\System32\OpenSSH\;C:\Program Files\nodejs\;C:\Users\Gamer\AppData\Local\Programs\Python\Python311\Scripts\;C:\Users\Gamer\AppData\Local\Programs\Python\Python311\;C:\Users\Gamer\AppData\Local\Microsoft\WindowsApps;C:\Users\Gamer\AppData\Local\Programs\Microsoft VS Code\bin;C:\sonar-scanner-4.8.0.2856-windows\bin;C:\Users\Gamer\AppData\Roaming\nvm;C:\Program Files\nodejs;C:\Users\Gamer\AppData\Roaming\npm
USERNAME=FelipeJara
OS=Windows_NT
PROCESSOR_IDENTIFIER=Intel64 Family 6 Model 165 Stepping 5, GenuineIntel
TMP=C:\Users\Gamer\AppData\Local\Temp
TEMP=C:\Users\Gamer\AppData\Local\Temp




Periodic native trim disabled

---------------  S Y S T E M  ---------------

OS:
 Windows 11 , 64 bit Build 26100 (10.0.26100.4768)
OS uptime: 8 days 1:27 hours

CPU: total 12 (initial active 12) (6 cores per cpu, 2 threads per core) family 6 model 165 stepping 5 microcode 0xec, cx8, cmov, fxsr, ht, mmx, 3dnowpref, sse, sse2, sse3, ssse3, sse4.1, sse4.2, popcnt, lzcnt, tsc, tscinvbit, avx, avx2, aes, erms, clmul, bmi1, bmi2, adx, fma, vzeroupper, clflush, clflushopt, rdtscp, f16c, pku
Processor Information for the first 12 processors :
  Max Mhz: 4104, Current Mhz: 4104, Mhz Limit: 4104

Memory: 4k page, system-wide physical 16298M (703M free)
TotalPageFile size 65450M (AvailPageFile size 26M)
current process WorkingSet (physical memory assigned to process): 13M, peak: 778M
current process commit charge ("private bytes"): 720M, peak: 750M

vm_info: OpenJDK 64-Bit Server VM (21.0.8+9-LTS) for windows-amd64 JRE (21.0.8+9-LTS), built on 2025-07-15T00:00:00Z by "admin" with MS VC++ 17.7 (VS2022)

END.
