#
# There is insufficient memory for the Java Runtime Environment to continue.
# Native memory allocation (malloc) failed to allocate 1905392 bytes. Error detail: Chunk::new
# Possible reasons:
#   The system is out of physical RAM or swap space
#   This process is running with CompressedOops enabled, and the Java Heap may be blocking the growth of the native heap
# Possible solutions:
#   Reduce memory load on the system
#   Increase physical memory or swap space
#   Check if swap backing store is full
#   Decrease Java heap size (-Xmx/-Xms)
#   Decrease number of Java threads
#   Decrease Java thread stack sizes (-Xss)
#   Set larger code cache with -XX:ReservedCodeCacheSize=
#   JVM is running with Unscaled Compressed Oops mode in which the Java heap is
#     placed in the first 4GB address space. The Java Heap base address is the
#     maximum limit for the native heap growth. Please use -XX:HeapBaseMinAddress
#     to set the Java Heap base and to place the Java Heap above 4GB virtual address.
# This output file may be truncated or incomplete.
#
#  Out of Memory Error (arena.cpp:168), pid=39052, tid=41776
#
# JRE version: OpenJDK Runtime Environment Temurin-21.0.8+9 (21.0.8+9) (build 21.0.8+9-LTS)
# Java VM: OpenJDK 64-Bit Server VM Temurin-21.0.8+9 (21.0.8+9-LTS, mixed mode, sharing, tiered, compressed oops, compressed class ptrs, parallel gc, windows-amd64)
# No core dump will be written. Minidumps are not enabled by default on client versions of Windows
#

---------------  S U M M A R Y ------------

Command Line: --add-modules=ALL-SYSTEM --add-opens=java.base/java.util=ALL-UNNAMED --add-opens=java.base/java.lang=ALL-UNNAMED --add-opens=java.base/sun.nio.fs=ALL-UNNAMED -Declipse.application=org.eclipse.jdt.ls.core.id1 -Dosgi.bundles.defaultStartLevel=4 -Declipse.product=org.eclipse.jdt.ls.core.product -Djava.import.generatesMetadataFilesAtProjectRoot=false -DDetectVMInstallationsJob.disabled=true -Dfile.encoding=utf8 -XX:+UseParallelGC -XX:GCTimeRatio=4 -XX:AdaptiveSizePolicyWeight=90 -Dsun.zip.disableMemoryMapping=true -Xmx2G -Xms100m -Xlog:disable -javaagent:c:\Users\Gamer\.vscode\extensions\redhat.java-1.44.0-win32-x64\lombok\lombok-1.18.39-4050.jar -XX:+HeapDumpOnOutOfMemoryError -XX:HeapDumpPath=c:\Users\Gamer\AppData\Roaming\Code\User\workspaceStorage\c92467a4f912a076a8497abe25e10870\redhat.java -Daether.dependencyCollector.impl=bf c:\Users\Gamer\.vscode\extensions\redhat.java-1.44.0-win32-x64\server\plugins\org.eclipse.equinox.launcher_1.7.0.v20250519-0528.jar -configuration c:\Users\Gamer\AppData\Roaming\Code\User\globalStorage\redhat.java\1.44.0\config_win -data c:\Users\Gamer\AppData\Roaming\Code\User\workspaceStorage\c92467a4f912a076a8497abe25e10870\redhat.java\jdt_ws --pipe=\\.\pipe\lsp-91d0116f70715a6738b87607896edf79-sock

Host: Intel(R) Core(TM) i5-10600K CPU @ 4.10GHz, 12 cores, 15G,  Windows 11 , 64 bit Build 26100 (10.0.26100.4768)
Time: Thu Aug 28 14:26:21 2025 Hora est. Sudamérica Pacífico elapsed time: 25.802887 seconds (0d 0h 0m 25s)

---------------  T H R E A D  ---------------

Current thread (0x000001c3e6bb4f90):  JavaThread "C2 CompilerThread1" daemon [_thread_in_native, id=41776, stack(0x000000ad5d700000,0x000000ad5d800000) (1024K)]


Current CompileTask:
C2:25803 9549   !   4       org.eclipse.jdt.internal.core.search.indexing.BinaryIndexer::indexDocument (1168 bytes)

Stack: [0x000000ad5d700000,0x000000ad5d800000]
Native frames: (J=compiled Java code, j=interpreted, Vv=VM code, C=native code)
V  [jvm.dll+0x6d2449]
V  [jvm.dll+0x8ae341]
V  [jvm.dll+0x8b08be]
V  [jvm.dll+0x8b0fa3]
V  [jvm.dll+0x280c96]
V  [jvm.dll+0xc581d]
V  [jvm.dll+0xc5d53]
V  [jvm.dll+0x3b919c]
V  [jvm.dll+0x1e1409]
V  [jvm.dll+0x249022]
V  [jvm.dll+0x2484af]
V  [jvm.dll+0x1c89ee]
V  [jvm.dll+0x257d4d]
V  [jvm.dll+0x2562ea]
V  [jvm.dll+0x3f2d16]
V  [jvm.dll+0x857e6b]
V  [jvm.dll+0x6d0b0d]
C  [ucrtbase.dll+0x37b0]
C  [KERNEL32.DLL+0x2e8d7]
C  [ntdll.dll+0x3c34c]


---------------  P R O C E S S  ---------------

Threads class SMR info:
_java_thread_list=0x000001c3ea0fd040, length=57, elements={
0x000001c3c6155310, 0x000001c3c868de00, 0x000001c3df0609b0, 0x000001c3df068d90,
0x000001c3df06b8f0, 0x000001c3df06e790, 0x000001c3e03c2b60, 0x000001c3e03d2830,
0x000001c3e03d8f80, 0x000001c3e04ab050, 0x000001c3e0720da0, 0x000001c3e19aac20,
0x000001c3e1b1e520, 0x000001c3e0721ad0, 0x000001c3e153c230, 0x000001c3e180a220,
0x000001c3e65ab050, 0x000001c3e046c950, 0x000001c3e0469b60, 0x000001c3e046a1f0,
0x000001c3e046c2c0, 0x000001c3e046a880, 0x000001c3e697d990, 0x000001c3e69814a0,
0x000001c3e697fa60, 0x000001c3e697f3d0, 0x000001c3e697e6b0, 0x000001c3e69800f0,
0x000001c3e6980780, 0x000001c3e697e020, 0x000001c3e6981b30, 0x000001c3e69821c0,
0x000001c3e697ed40, 0x000001c3e6982850, 0x000001c3e6984920, 0x000001c3e6984290,
0x000001c3e6984fb0, 0x000001c3e6982ee0, 0x000001c3e6983570, 0x000001c3e6983c00,
0x000001c3e9108630, 0x000001c3e9109350, 0x000001c3e91099e0, 0x000001c3e910ad90,
0x000001c3e910a700, 0x000001c3e910b420, 0x000001c3e910a070, 0x000001c3e9107fa0,
0x000001c3e910d4f0, 0x000001c3e910c7d0, 0x000001c3e910ce60, 0x000001c3e910db80,
0x000001c3e910bab0, 0x000001c3e046af10, 0x000001c3e7d151c0, 0x000001c3e7d14b30,
0x000001c3e6bb4f90
}

Java Threads: ( => current thread )
  0x000001c3c6155310 JavaThread "main"                              [_thread_blocked, id=45412, stack(0x000000ad58f00000,0x000000ad59000000) (1024K)]
  0x000001c3c868de00 JavaThread "Reference Handler"          daemon [_thread_blocked, id=27044, stack(0x000000ad59300000,0x000000ad59400000) (1024K)]
  0x000001c3df0609b0 JavaThread "Finalizer"                  daemon [_thread_blocked, id=36424, stack(0x000000ad59400000,0x000000ad59500000) (1024K)]
  0x000001c3df068d90 JavaThread "Signal Dispatcher"          daemon [_thread_blocked, id=42996, stack(0x000000ad59500000,0x000000ad59600000) (1024K)]
  0x000001c3df06b8f0 JavaThread "Attach Listener"            daemon [_thread_blocked, id=47892, stack(0x000000ad59600000,0x000000ad59700000) (1024K)]
  0x000001c3df06e790 JavaThread "Service Thread"             daemon [_thread_blocked, id=36592, stack(0x000000ad59700000,0x000000ad59800000) (1024K)]
  0x000001c3e03c2b60 JavaThread "Monitor Deflation Thread"   daemon [_thread_blocked, id=26472, stack(0x000000ad59800000,0x000000ad59900000) (1024K)]
  0x000001c3e03d2830 JavaThread "C2 CompilerThread0"         daemon [_thread_blocked, id=46820, stack(0x000000ad59900000,0x000000ad59a00000) (1024K)]
  0x000001c3e03d8f80 JavaThread "C1 CompilerThread0"         daemon [_thread_blocked, id=43216, stack(0x000000ad59a00000,0x000000ad59b00000) (1024K)]
  0x000001c3e04ab050 JavaThread "Common-Cleaner"             daemon [_thread_blocked, id=27448, stack(0x000000ad59b00000,0x000000ad59c00000) (1024K)]
  0x000001c3e0720da0 JavaThread "Notification Thread"        daemon [_thread_blocked, id=1748, stack(0x000000ad59d00000,0x000000ad59e00000) (1024K)]
  0x000001c3e19aac20 JavaThread "Active Thread: Equinox Container: 0603e479-8a68-49f4-89ef-dcdc6ccc4d6c"        [_thread_blocked, id=28900, stack(0x000000ad5a500000,0x000000ad5a600000) (1024K)]
  0x000001c3e1b1e520 JavaThread "Refresh Thread: Equinox Container: 0603e479-8a68-49f4-89ef-dcdc6ccc4d6c" daemon [_thread_blocked, id=27124, stack(0x000000ad59e00000,0x000000ad59f00000) (1024K)]
  0x000001c3e0721ad0 JavaThread "Framework Event Dispatcher: Equinox Container: 0603e479-8a68-49f4-89ef-dcdc6ccc4d6c" daemon [_thread_blocked, id=31676, stack(0x000000ad5a600000,0x000000ad5a700000) (1024K)]
  0x000001c3e153c230 JavaThread "Start Level: Equinox Container: 0603e479-8a68-49f4-89ef-dcdc6ccc4d6c" daemon [_thread_blocked, id=25096, stack(0x000000ad5a700000,0x000000ad5a800000) (1024K)]
  0x000001c3e180a220 JavaThread "Bundle File Closer"         daemon [_thread_blocked, id=43056, stack(0x000000ad5ab00000,0x000000ad5ac00000) (1024K)]
  0x000001c3e65ab050 JavaThread "SCR Component Actor"        daemon [_thread_blocked, id=33612, stack(0x000000ad5a800000,0x000000ad5a900000) (1024K)]
  0x000001c3e046c950 JavaThread "Worker-JM"                         [_thread_blocked, id=39468, stack(0x000000ad5ae00000,0x000000ad5af00000) (1024K)]
  0x000001c3e0469b60 JavaThread "JNA Cleaner"                daemon [_thread_blocked, id=3680, stack(0x000000ad5ad00000,0x000000ad5ae00000) (1024K)]
  0x000001c3e046a1f0 JavaThread "Worker-0: Initialize Workspace"        [_thread_blocked, id=9868, stack(0x000000ad5af00000,0x000000ad5b000000) (1024K)]
  0x000001c3e046c2c0 JavaThread "Worker-1"                          [_thread_blocked, id=47736, stack(0x000000ad5b000000,0x000000ad5b100000) (1024K)]
  0x000001c3e046a880 JavaThread "Worker-2"                          [_thread_blocked, id=33236, stack(0x000000ad5b200000,0x000000ad5b300000) (1024K)]
  0x000001c3e697d990 JavaThread "Worker-3"                          [_thread_blocked, id=28956, stack(0x000000ad5b100000,0x000000ad5b200000) (1024K)]
  0x000001c3e69814a0 JavaThread "Worker-4"                          [_thread_blocked, id=28116, stack(0x000000ad5b300000,0x000000ad5b400000) (1024K)]
  0x000001c3e697fa60 JavaThread "Java indexing"              daemon [_thread_blocked, id=5712, stack(0x000000ad5b500000,0x000000ad5b600000) (1024K)]
  0x000001c3e697f3d0 JavaThread "Worker-5"                          [_thread_blocked, id=1756, stack(0x000000ad5ba00000,0x000000ad5bb00000) (1024K)]
  0x000001c3e697e6b0 JavaThread "Worker-6: Java indexing... "        [_thread_blocked, id=10692, stack(0x000000ad5bb00000,0x000000ad5bc00000) (1024K)]
  0x000001c3e69800f0 JavaThread "Thread-2"                   daemon [_thread_in_native, id=10496, stack(0x000000ad5bc00000,0x000000ad5bd00000) (1024K)]
  0x000001c3e6980780 JavaThread "Thread-3"                   daemon [_thread_in_native, id=39664, stack(0x000000ad5bd00000,0x000000ad5be00000) (1024K)]
  0x000001c3e697e020 JavaThread "Thread-4"                   daemon [_thread_in_native, id=45248, stack(0x000000ad5be00000,0x000000ad5bf00000) (1024K)]
  0x000001c3e6981b30 JavaThread "Thread-5"                   daemon [_thread_in_native, id=25496, stack(0x000000ad5bf00000,0x000000ad5c000000) (1024K)]
  0x000001c3e69821c0 JavaThread "Thread-6"                   daemon [_thread_in_native, id=45668, stack(0x000000ad5c000000,0x000000ad5c100000) (1024K)]
  0x000001c3e697ed40 JavaThread "Thread-7"                   daemon [_thread_in_native, id=48036, stack(0x000000ad5c100000,0x000000ad5c200000) (1024K)]
  0x000001c3e6982850 JavaThread "Thread-8"                   daemon [_thread_in_native, id=29120, stack(0x000000ad5c200000,0x000000ad5c300000) (1024K)]
  0x000001c3e6984920 JavaThread "Thread-9"                   daemon [_thread_in_native, id=13468, stack(0x000000ad5c300000,0x000000ad5c400000) (1024K)]
  0x000001c3e6984290 JavaThread "Thread-10"                  daemon [_thread_in_native, id=41848, stack(0x000000ad5c400000,0x000000ad5c500000) (1024K)]
  0x000001c3e6984fb0 JavaThread "Thread-11"                  daemon [_thread_in_native, id=44652, stack(0x000000ad5c500000,0x000000ad5c600000) (1024K)]
  0x000001c3e6982ee0 JavaThread "Thread-12"                  daemon [_thread_in_native, id=45788, stack(0x000000ad5c600000,0x000000ad5c700000) (1024K)]
  0x000001c3e6983570 JavaThread "Thread-13"                  daemon [_thread_in_native, id=19960, stack(0x000000ad5c700000,0x000000ad5c800000) (1024K)]
  0x000001c3e6983c00 JavaThread "Thread-14"                  daemon [_thread_in_native, id=23840, stack(0x000000ad5c800000,0x000000ad5c900000) (1024K)]
  0x000001c3e9108630 JavaThread "pool-2-thread-1"                   [_thread_blocked, id=28192, stack(0x000000ad5c900000,0x000000ad5ca00000) (1024K)]
  0x000001c3e9109350 JavaThread "WorkspaceEventsHandler"            [_thread_blocked, id=23184, stack(0x000000ad5ca00000,0x000000ad5cb00000) (1024K)]
  0x000001c3e91099e0 JavaThread "pool-1-thread-1"                   [_thread_blocked, id=46536, stack(0x000000ad5cb00000,0x000000ad5cc00000) (1024K)]
  0x000001c3e910ad90 JavaThread "Keep-Alive-Timer"           daemon [_thread_blocked, id=45380, stack(0x000000ad5cd00000,0x000000ad5ce00000) (1024K)]
  0x000001c3e910a700 JavaThread "LocalFile Deleter"          daemon [_thread_blocked, id=22844, stack(0x000000ad5b400000,0x000000ad5b500000) (1024K)]
  0x000001c3e910b420 JavaThread "LocalFile Deleter"          daemon [_thread_blocked, id=1340, stack(0x000000ad5b600000,0x000000ad5b700000) (1024K)]
  0x000001c3e910a070 JavaThread "LocalFile Deleter"          daemon [_thread_blocked, id=30828, stack(0x000000ad5ce00000,0x000000ad5cf00000) (1024K)]
  0x000001c3e9107fa0 JavaThread "LocalFile Deleter"          daemon [_thread_blocked, id=11824, stack(0x000000ad5cf00000,0x000000ad5d000000) (1024K)]
  0x000001c3e910d4f0 JavaThread "LocalFile Deleter"          daemon [_thread_blocked, id=45808, stack(0x000000ad5d000000,0x000000ad5d100000) (1024K)]
  0x000001c3e910c7d0 JavaThread "Compiler Source File Reader" daemon [_thread_blocked, id=21640, stack(0x000000ad5d100000,0x000000ad5d200000) (1024K)]
  0x000001c3e910ce60 JavaThread "Compiler Source File Reader" daemon [_thread_blocked, id=35780, stack(0x000000ad5d200000,0x000000ad5d300000) (1024K)]
  0x000001c3e910db80 JavaThread "Compiler Processing Task"   daemon [_thread_blocked, id=25268, stack(0x000000ad5d300000,0x000000ad5d400000) (1024K)]
  0x000001c3e910bab0 JavaThread "Compiler Class File Writer" daemon [_thread_blocked, id=46972, stack(0x000000ad5d400000,0x000000ad5d500000) (1024K)]
  0x000001c3e046af10 JavaThread "Compiler Class File Writer" daemon [_thread_blocked, id=43600, stack(0x000000ad5d500000,0x000000ad5d600000) (1024K)]
  0x000001c3e7d151c0 JavaThread "Timer-0"                           [_thread_blocked, id=18932, stack(0x000000ad5ac00000,0x000000ad5ad00000) (1024K)]
  0x000001c3e7d14b30 JavaThread "Connection worker"                 [_thread_blocked, id=19320, stack(0x000000ad5d600000,0x000000ad5d700000) (1024K)]
=>0x000001c3e6bb4f90 JavaThread "C2 CompilerThread1"         daemon [_thread_in_native, id=41776, stack(0x000000ad5d700000,0x000000ad5d800000) (1024K)]
Total: 57

Other Threads:
  0x000001c3df0548a0 VMThread "VM Thread"                           [id=10228, stack(0x000000ad59200000,0x000000ad59300000) (1024K)]
  0x000001c3def4ca00 WatcherThread "VM Periodic Task Thread"        [id=4464, stack(0x000000ad59100000,0x000000ad59200000) (1024K)]
  0x000001c3c85fe650 WorkerThread "GC Thread#0"                     [id=3096, stack(0x000000ad59000000,0x000000ad59100000) (1024K)]
  0x000001c3e6000740 WorkerThread "GC Thread#1"                     [id=47692, stack(0x000000ad59f00000,0x000000ad5a000000) (1024K)]
  0x000001c3e6000ae0 WorkerThread "GC Thread#2"                     [id=22348, stack(0x000000ad5a000000,0x000000ad5a100000) (1024K)]
  0x000001c3e16be630 WorkerThread "GC Thread#3"                     [id=42860, stack(0x000000ad5a100000,0x000000ad5a200000) (1024K)]
  0x000001c3e16c0de0 WorkerThread "GC Thread#4"                     [id=38868, stack(0x000000ad5a200000,0x000000ad5a300000) (1024K)]
  0x000001c3e16c1180 WorkerThread "GC Thread#5"                     [id=2480, stack(0x000000ad5a300000,0x000000ad5a400000) (1024K)]
  0x000001c3e16c1520 WorkerThread "GC Thread#6"                     [id=33304, stack(0x000000ad5a400000,0x000000ad5a500000) (1024K)]
  0x000001c3e6107540 WorkerThread "GC Thread#7"                     [id=25780, stack(0x000000ad59c00000,0x000000ad59d00000) (1024K)]
  0x000001c3e6584b10 WorkerThread "GC Thread#8"                     [id=26920, stack(0x000000ad5a900000,0x000000ad5aa00000) (1024K)]
  0x000001c3e60cd190 WorkerThread "GC Thread#9"                     [id=21100, stack(0x000000ad5aa00000,0x000000ad5ab00000) (1024K)]
Total: 12

Threads with active compile tasks:
C2 CompilerThread0  25826 9580       4       org.eclipse.jdt.internal.core.index.DiskIndex::copyQueryResults (221 bytes)
C2 CompilerThread1  25826 9549   !   4       org.eclipse.jdt.internal.core.search.indexing.BinaryIndexer::indexDocument (1168 bytes)
Total: 2

VM state: at safepoint (normal execution)

VM Mutex/Monitor currently owned by a thread:  ([mutex/lock_event])
[0x00007ffc13005458] Threads_lock - owner thread: 0x000001c3df0548a0
[0x00007ffc13005558] Heap_lock - owner thread: 0x000001c3e7d14b30

Heap address: 0x0000000080000000, size: 2048 MB, Compressed Oops mode: 32-bit

CDS archive(s) mapped at: [0x000001c380000000-0x000001c380ba0000-0x000001c380ba0000), size 12189696, SharedBaseAddress: 0x000001c380000000, ArchiveRelocationMode: 1.
Compressed class space mapped at: 0x000001c381000000-0x000001c3c1000000, reserved size: 1073741824
Narrow klass base: 0x000001c380000000, Narrow klass shift: 0, Narrow klass range: 0x100000000

GC Precious Log:
 CardTable entry size: 512
 CPUs: 12 total, 12 available
 Memory: 16298M
 Large Page Support: Disabled
 NUMA Support: Disabled
 Compressed Oops: Enabled (32-bit)
 Alignments: Space 512K, Generation 512K, Heap 2M
 Heap Min Capacity: 100M
 Heap Initial Capacity: 100M
 Heap Max Capacity: 2G
 Pre-touch: Disabled
 Parallel Workers: 10

Heap:
 PSYoungGen      total 11264K, used 3061K [0x00000000d5580000, 0x00000000d6400000, 0x0000000100000000)
  eden space 8192K, 0% used [0x00000000d5580000,0x00000000d5580000,0x00000000d5d80000)
  from space 3072K, 99% used [0x00000000d6100000,0x00000000d63fd690,0x00000000d6400000)
  to   space 3072K, 0% used [0x00000000d5d80000,0x00000000d5d80000,0x00000000d6080000)
 ParOldGen       total 319488K, used 319001K [0x0000000080000000, 0x0000000093800000, 0x00000000d5580000)
  object space 319488K, 99% used [0x0000000080000000,0x00000000937866f8,0x0000000093800000)
 Metaspace       used 63448K, committed 64768K, reserved 1114112K
  class space    used 6963K, committed 7552K, reserved 1048576K

Card table byte_map: [0x000001c3c7f70000,0x000001c3c8380000] _byte_map_base: 0x000001c3c7b70000

Marking Bits: (ParMarkBitMap*) 0x00007ffc1300a340
 Begin Bits: [0x000001c3daa70000, 0x000001c3dca70000)
 End Bits:   [0x000001c3dca70000, 0x000001c3dea70000)

Polling page: 0x000001c3c6440000

Metaspace:

Usage:
  Non-class:     55.16 MB used.
      Class:      6.80 MB used.
       Both:     61.96 MB used.

Virtual space:
  Non-class space:       64.00 MB reserved,      55.88 MB ( 87%) committed,  1 nodes.
      Class space:        1.00 GB reserved,       7.38 MB ( <1%) committed,  1 nodes.
             Both:        1.06 GB reserved,      63.25 MB (  6%) committed. 

Chunk freelists:
   Non-Class:  7.72 MB
       Class:  8.61 MB
        Both:  16.33 MB

MaxMetaspaceSize: unlimited
CompressedClassSpaceSize: 1.00 GB
Initial GC threshold: 21.00 MB
Current GC threshold: 97.31 MB
CDS: on
 - commit_granule_bytes: 65536.
 - commit_granule_words: 8192.
 - virtual_space_node_default_size: 8388608.
 - enlarge_chunks_in_place: 1.
 - use_allocation_guard: 0.


Internal statistics:

num_allocs_failed_limit: 9.
num_arena_births: 1038.
num_arena_deaths: 16.
num_vsnodes_births: 2.
num_vsnodes_deaths: 0.
num_space_committed: 1012.
num_space_uncommitted: 0.
num_chunks_returned_to_freelist: 25.
num_chunks_taken_from_freelist: 3735.
num_chunk_merges: 10.
num_chunk_splits: 2311.
num_chunks_enlarged: 1369.
num_inconsistent_stats: 0.

CodeHeap 'non-profiled nmethods': size=120000Kb used=6534Kb max_used=6534Kb free=113465Kb
 bounds [0x000001c3d3290000, 0x000001c3d3900000, 0x000001c3da7c0000]
CodeHeap 'profiled nmethods': size=120000Kb used=18549Kb max_used=18549Kb free=101450Kb
 bounds [0x000001c3cb7c0000, 0x000001c3cc9e0000, 0x000001c3d2cf0000]
CodeHeap 'non-nmethods': size=5760Kb used=1458Kb max_used=1563Kb free=4301Kb
 bounds [0x000001c3d2cf0000, 0x000001c3d2f60000, 0x000001c3d3290000]
CodeCache: size=245760Kb, used=26541Kb, max_used=26646Kb, free=219216Kb
 total_blobs=9472, nmethods=8698, adapters=680, full_count=0
Compilation: enabled, stopped_count=0, restarted_count=0

Compilation events (20 events):
Event: 23.665 Thread 0x000001c3e03d2830 nmethod 9560% 0x000001c3d38dff10 code [0x000001c3d38e02a0, 0x000001c3d38e2cd0]
Event: 23.665 Thread 0x000001c3e03d2830 9572       4       org.eclipse.jdt.internal.compiler.util.HashtableOfObject::get (56 bytes)
Event: 23.667 Thread 0x000001c3e03d2830 nmethod 9572 0x000001c3d38e4790 code [0x000001c3d38e4960, 0x000001c3d38e4f58]
Event: 23.667 Thread 0x000001c3e03d2830 9569       4       org.eclipse.jdt.internal.compiler.util.HashtableOfObject::putUnsafely (78 bytes)
Event: 23.669 Thread 0x000001c3e03d2830 nmethod 9569 0x000001c3d38e5190 code [0x000001c3d38e5380, 0x000001c3d38e58c8]
Event: 23.669 Thread 0x000001c3e03d2830 9576 %     4       org.eclipse.jdt.internal.compiler.util.HashtableOfObject::rehash @ 27 (84 bytes)
Event: 23.673 Thread 0x000001c3e03d2830 nmethod 9576% 0x000001c3d38e5b10 code [0x000001c3d38e5d20, 0x000001c3d38e6488]
Event: 23.673 Thread 0x000001c3e03d2830 9566       4       org.eclipse.jdt.core.compiler.CharOperation::hashCode (11 bytes)
Event: 23.673 Thread 0x000001c3e03d2830 nmethod 9566 0x000001c3d38e6890 code [0x000001c3d38e6a40, 0x000001c3d38e6ce8]
Event: 23.673 Thread 0x000001c3e03d2830 9577       4       org.eclipse.jdt.internal.compiler.util.HashtableOfObject::rehash (84 bytes)
Event: 23.680 Thread 0x000001c3e03d2830 nmethod 9577 0x000001c3d38e6d90 code [0x000001c3d38e7000, 0x000001c3d38e7b28]
Event: 23.680 Thread 0x000001c3e03d2830 9575 %     4       org.eclipse.jdt.internal.core.index.DiskIndex::copyQueryResults @ 21 (221 bytes)
Event: 24.724 Thread 0x000001c3e03d2830 nmethod 9575% 0x000001c3d38e8510 code [0x000001c3d38e8920, 0x000001c3d38eb6e0]
Event: 24.724 Thread 0x000001c3e03d2830 9574       4       org.eclipse.jdt.internal.core.index.DiskIndex$IntList::add (67 bytes)
Event: 24.726 Thread 0x000001c3e03d2830 nmethod 9574 0x000001c3d38eca10 code [0x000001c3d38ecba0, 0x000001c3d38eced0]
Event: 24.726 Thread 0x000001c3e03d2830 9579 %     4       org.eclipse.jdt.internal.core.index.DiskIndex::copyQueryResults @ 107 (221 bytes)
Event: 24.761 Thread 0x000001c3e03d2830 nmethod 9579% 0x000001c3d38ed010 code [0x000001c3d38ed420, 0x000001c3d38f0310]
Event: 24.761 Thread 0x000001c3e03d2830 9571       4       org.eclipse.jdt.internal.compiler.util.HashtableOfObject::calculateNewSize (91 bytes)
Event: 24.762 Thread 0x000001c3e03d2830 nmethod 9571 0x000001c3d38f1710 code [0x000001c3d38f18a0, 0x000001c3d38f1968]
Event: 24.762 Thread 0x000001c3e03d2830 9580       4       org.eclipse.jdt.internal.core.index.DiskIndex::copyQueryResults (221 bytes)

GC Heap History (20 events):
Event: 23.528 GC heap after
{Heap after GC invocations=259 (full 3):
 PSYoungGen      total 6144K, used 1528K [0x00000000d5580000, 0x00000000d5e80000, 0x0000000100000000)
  eden space 4608K, 0% used [0x00000000d5580000,0x00000000d5580000,0x00000000d5a00000)
  from space 1536K, 99% used [0x00000000d5c00000,0x00000000d5d7e350,0x00000000d5d80000)
  to   space 2048K, 0% used [0x00000000d5a00000,0x00000000d5a00000,0x00000000d5c00000)
 ParOldGen       total 290816K, used 290802K [0x0000000080000000, 0x0000000091c00000, 0x00000000d5580000)
  object space 290816K, 99% used [0x0000000080000000,0x0000000091bfcb40,0x0000000091c00000)
 Metaspace       used 63413K, committed 64768K, reserved 1114112K
  class space    used 6959K, committed 7552K, reserved 1048576K
}
Event: 23.531 GC heap before
{Heap before GC invocations=260 (full 3):
 PSYoungGen      total 6144K, used 6136K [0x00000000d5580000, 0x00000000d5e80000, 0x0000000100000000)
  eden space 4608K, 100% used [0x00000000d5580000,0x00000000d5a00000,0x00000000d5a00000)
  from space 1536K, 99% used [0x00000000d5c00000,0x00000000d5d7e350,0x00000000d5d80000)
  to   space 2048K, 0% used [0x00000000d5a00000,0x00000000d5a00000,0x00000000d5c00000)
 ParOldGen       total 290816K, used 290802K [0x0000000080000000, 0x0000000091c00000, 0x00000000d5580000)
  object space 290816K, 99% used [0x0000000080000000,0x0000000091bfcb40,0x0000000091c00000)
 Metaspace       used 63413K, committed 64768K, reserved 1114112K
  class space    used 6959K, committed 7552K, reserved 1048576K
}
Event: 23.532 GC heap after
{Heap after GC invocations=260 (full 3):
 PSYoungGen      total 6656K, used 1886K [0x00000000d5580000, 0x00000000d5f00000, 0x0000000100000000)
  eden space 4608K, 0% used [0x00000000d5580000,0x00000000d5580000,0x00000000d5a00000)
  from space 2048K, 92% used [0x00000000d5a00000,0x00000000d5bd7ab8,0x00000000d5c00000)
  to   space 2048K, 0% used [0x00000000d5d00000,0x00000000d5d00000,0x00000000d5f00000)
 ParOldGen       total 292352K, used 292192K [0x0000000080000000, 0x0000000091d80000, 0x00000000d5580000)
  object space 292352K, 99% used [0x0000000080000000,0x0000000091d58200,0x0000000091d80000)
 Metaspace       used 63413K, committed 64768K, reserved 1114112K
  class space    used 6959K, committed 7552K, reserved 1048576K
}
Event: 23.536 GC heap before
{Heap before GC invocations=261 (full 3):
 PSYoungGen      total 6656K, used 6489K [0x00000000d5580000, 0x00000000d5f00000, 0x0000000100000000)
  eden space 4608K, 99% used [0x00000000d5580000,0x00000000d59feaf0,0x00000000d5a00000)
  from space 2048K, 92% used [0x00000000d5a00000,0x00000000d5bd7ab8,0x00000000d5c00000)
  to   space 2048K, 0% used [0x00000000d5d00000,0x00000000d5d00000,0x00000000d5f00000)
 ParOldGen       total 292352K, used 292192K [0x0000000080000000, 0x0000000091d80000, 0x00000000d5580000)
  object space 292352K, 99% used [0x0000000080000000,0x0000000091d58200,0x0000000091d80000)
 Metaspace       used 63413K, committed 64768K, reserved 1114112K
  class space    used 6959K, committed 7552K, reserved 1048576K
}
Event: 23.537 GC heap after
{Heap after GC invocations=261 (full 3):
 PSYoungGen      total 7680K, used 1939K [0x00000000d5580000, 0x00000000d5f00000, 0x0000000100000000)
  eden space 5632K, 0% used [0x00000000d5580000,0x00000000d5580000,0x00000000d5b00000)
  from space 2048K, 94% used [0x00000000d5d00000,0x00000000d5ee4cc0,0x00000000d5f00000)
  to   space 2048K, 0% used [0x00000000d5b00000,0x00000000d5b00000,0x00000000d5d00000)
 ParOldGen       total 293888K, used 293840K [0x0000000080000000, 0x0000000091f00000, 0x00000000d5580000)
  object space 293888K, 99% used [0x0000000080000000,0x0000000091ef41d0,0x0000000091f00000)
 Metaspace       used 63413K, committed 64768K, reserved 1114112K
  class space    used 6959K, committed 7552K, reserved 1048576K
}
Event: 23.541 GC heap before
{Heap before GC invocations=262 (full 3):
 PSYoungGen      total 7680K, used 7550K [0x00000000d5580000, 0x00000000d5f00000, 0x0000000100000000)
  eden space 5632K, 99% used [0x00000000d5580000,0x00000000d5afacf0,0x00000000d5b00000)
  from space 2048K, 94% used [0x00000000d5d00000,0x00000000d5ee4cc0,0x00000000d5f00000)
  to   space 2048K, 0% used [0x00000000d5b00000,0x00000000d5b00000,0x00000000d5d00000)
 ParOldGen       total 293888K, used 293840K [0x0000000080000000, 0x0000000091f00000, 0x00000000d5580000)
  object space 293888K, 99% used [0x0000000080000000,0x0000000091ef41d0,0x0000000091f00000)
 Metaspace       used 63413K, committed 64768K, reserved 1114112K
  class space    used 6959K, committed 7552K, reserved 1048576K
}
Event: 23.542 GC heap after
{Heap after GC invocations=262 (full 3):
 PSYoungGen      total 7680K, used 2023K [0x00000000d5580000, 0x00000000d6580000, 0x0000000100000000)
  eden space 5632K, 0% used [0x00000000d5580000,0x00000000d5580000,0x00000000d5b00000)
  from space 2048K, 98% used [0x00000000d5b00000,0x00000000d5cf9fe0,0x00000000d5d00000)
  to   space 4608K, 0% used [0x00000000d6100000,0x00000000d6100000,0x00000000d6580000)
 ParOldGen       total 295936K, used 295730K [0x0000000080000000, 0x0000000092100000, 0x00000000d5580000)
  object space 295936K, 99% used [0x0000000080000000,0x00000000920ccbf0,0x0000000092100000)
 Metaspace       used 63413K, committed 64768K, reserved 1114112K
  class space    used 6959K, committed 7552K, reserved 1048576K
}
Event: 23.546 GC heap before
{Heap before GC invocations=263 (full 3):
 PSYoungGen      total 7680K, used 7598K [0x00000000d5580000, 0x00000000d6580000, 0x0000000100000000)
  eden space 5632K, 98% used [0x00000000d5580000,0x00000000d5af1ad8,0x00000000d5b00000)
  from space 2048K, 98% used [0x00000000d5b00000,0x00000000d5cf9fe0,0x00000000d5d00000)
  to   space 4608K, 0% used [0x00000000d6100000,0x00000000d6100000,0x00000000d6580000)
 ParOldGen       total 295936K, used 295730K [0x0000000080000000, 0x0000000092100000, 0x00000000d5580000)
  object space 295936K, 99% used [0x0000000080000000,0x00000000920ccbf0,0x0000000092100000)
 Metaspace       used 63413K, committed 64768K, reserved 1114112K
  class space    used 6959K, committed 7552K, reserved 1048576K
}
Event: 23.547 GC heap after
{Heap after GC invocations=263 (full 3):
 PSYoungGen      total 9728K, used 2361K [0x00000000d5580000, 0x00000000d6380000, 0x0000000100000000)
  eden space 7168K, 0% used [0x00000000d5580000,0x00000000d5580000,0x00000000d5c80000)
  from space 2560K, 92% used [0x00000000d6100000,0x00000000d634e770,0x00000000d6380000)
  to   space 3072K, 0% used [0x00000000d5d80000,0x00000000d5d80000,0x00000000d6080000)
 ParOldGen       total 297984K, used 297645K [0x0000000080000000, 0x0000000092300000, 0x00000000d5580000)
  object space 297984K, 99% used [0x0000000080000000,0x00000000922ab418,0x0000000092300000)
 Metaspace       used 63413K, committed 64768K, reserved 1114112K
  class space    used 6959K, committed 7552K, reserved 1048576K
}
Event: 23.552 GC heap before
{Heap before GC invocations=264 (full 3):
 PSYoungGen      total 9728K, used 9529K [0x00000000d5580000, 0x00000000d6380000, 0x0000000100000000)
  eden space 7168K, 100% used [0x00000000d5580000,0x00000000d5c80000,0x00000000d5c80000)
  from space 2560K, 92% used [0x00000000d6100000,0x00000000d634e770,0x00000000d6380000)
  to   space 3072K, 0% used [0x00000000d5d80000,0x00000000d5d80000,0x00000000d6080000)
 ParOldGen       total 297984K, used 297645K [0x0000000080000000, 0x0000000092300000, 0x00000000d5580000)
  object space 297984K, 99% used [0x0000000080000000,0x00000000922ab418,0x0000000092300000)
 Metaspace       used 63413K, committed 64768K, reserved 1114112K
  class space    used 6959K, committed 7552K, reserved 1048576K
}
Event: 23.554 GC heap after
{Heap after GC invocations=264 (full 3):
 PSYoungGen      total 11264K, used 2956K [0x00000000d5580000, 0x00000000d6500000, 0x0000000100000000)
  eden space 8192K, 0% used [0x00000000d5580000,0x00000000d5580000,0x00000000d5d80000)
  from space 3072K, 96% used [0x00000000d5d80000,0x00000000d60631d8,0x00000000d6080000)
  to   space 3584K, 0% used [0x00000000d6180000,0x00000000d6180000,0x00000000d6500000)
 ParOldGen       total 300032K, used 299793K [0x0000000080000000, 0x0000000092500000, 0x00000000d5580000)
  object space 300032K, 99% used [0x0000000080000000,0x00000000924c45e0,0x0000000092500000)
 Metaspace       used 63413K, committed 64768K, reserved 1114112K
  class space    used 6959K, committed 7552K, reserved 1048576K
}
Event: 23.559 GC heap before
{Heap before GC invocations=265 (full 3):
 PSYoungGen      total 11264K, used 11133K [0x00000000d5580000, 0x00000000d6500000, 0x0000000100000000)
  eden space 8192K, 99% used [0x00000000d5580000,0x00000000d5d7c2c8,0x00000000d5d80000)
  from space 3072K, 96% used [0x00000000d5d80000,0x00000000d60631d8,0x00000000d6080000)
  to   space 3584K, 0% used [0x00000000d6180000,0x00000000d6180000,0x00000000d6500000)
 ParOldGen       total 300032K, used 299793K [0x0000000080000000, 0x0000000092500000, 0x00000000d5580000)
  object space 300032K, 99% used [0x0000000080000000,0x00000000924c45e0,0x0000000092500000)
 Metaspace       used 63413K, committed 64768K, reserved 1114112K
  class space    used 6959K, committed 7552K, reserved 1048576K
}
Event: 23.561 GC heap after
{Heap after GC invocations=265 (full 3):
 PSYoungGen      total 11776K, used 3486K [0x00000000d5580000, 0x00000000d6580000, 0x0000000100000000)
  eden space 8192K, 0% used [0x00000000d5580000,0x00000000d5580000,0x00000000d5d80000)
  from space 3584K, 97% used [0x00000000d6180000,0x00000000d64e7900,0x00000000d6500000)
  to   space 4096K, 0% used [0x00000000d5d80000,0x00000000d5d80000,0x00000000d6180000)
 ParOldGen       total 303104K, used 302627K [0x0000000080000000, 0x0000000092800000, 0x00000000d5580000)
  object space 303104K, 99% used [0x0000000080000000,0x0000000092788c00,0x0000000092800000)
 Metaspace       used 63413K, committed 64768K, reserved 1114112K
  class space    used 6959K, committed 7552K, reserved 1048576K
}
Event: 23.567 GC heap before
{Heap before GC invocations=266 (full 3):
 PSYoungGen      total 11776K, used 11678K [0x00000000d5580000, 0x00000000d6580000, 0x0000000100000000)
  eden space 8192K, 100% used [0x00000000d5580000,0x00000000d5d80000,0x00000000d5d80000)
  from space 3584K, 97% used [0x00000000d6180000,0x00000000d64e7900,0x00000000d6500000)
  to   space 4096K, 0% used [0x00000000d5d80000,0x00000000d5d80000,0x00000000d6180000)
 ParOldGen       total 303104K, used 302627K [0x0000000080000000, 0x0000000092800000, 0x00000000d5580000)
  object space 303104K, 99% used [0x0000000080000000,0x0000000092788c00,0x0000000092800000)
 Metaspace       used 63413K, committed 64768K, reserved 1114112K
  class space    used 6959K, committed 7552K, reserved 1048576K
}
Event: 23.568 GC heap after
{Heap after GC invocations=266 (full 3):
 PSYoungGen      total 11264K, used 3019K [0x00000000d5580000, 0x00000000d6480000, 0x0000000100000000)
  eden space 8192K, 0% used [0x00000000d5580000,0x00000000d5580000,0x00000000d5d80000)
  from space 3072K, 98% used [0x00000000d5d80000,0x00000000d6072e58,0x00000000d6080000)
  to   space 3584K, 0% used [0x00000000d6100000,0x00000000d6100000,0x00000000d6480000)
 ParOldGen       total 306176K, used 305955K [0x0000000080000000, 0x0000000092b00000, 0x00000000d5580000)
  object space 306176K, 99% used [0x0000000080000000,0x0000000092ac8c00,0x0000000092b00000)
 Metaspace       used 63413K, committed 64768K, reserved 1114112K
  class space    used 6959K, committed 7552K, reserved 1048576K
}
Event: 23.619 GC heap before
{Heap before GC invocations=267 (full 3):
 PSYoungGen      total 11264K, used 11211K [0x00000000d5580000, 0x00000000d6480000, 0x0000000100000000)
  eden space 8192K, 100% used [0x00000000d5580000,0x00000000d5d80000,0x00000000d5d80000)
  from space 3072K, 98% used [0x00000000d5d80000,0x00000000d6072e58,0x00000000d6080000)
  to   space 3584K, 0% used [0x00000000d6100000,0x00000000d6100000,0x00000000d6480000)
 ParOldGen       total 306176K, used 305955K [0x0000000080000000, 0x0000000092b00000, 0x00000000d5580000)
  object space 306176K, 99% used [0x0000000080000000,0x0000000092ac8c00,0x0000000092b00000)
 Metaspace       used 63423K, committed 64768K, reserved 1114112K
  class space    used 6959K, committed 7552K, reserved 1048576K
}
Event: 23.620 GC heap after
{Heap after GC invocations=267 (full 3):
 PSYoungGen      total 11264K, used 2667K [0x00000000d5580000, 0x00000000d6400000, 0x0000000100000000)
  eden space 8192K, 0% used [0x00000000d5580000,0x00000000d5580000,0x00000000d5d80000)
  from space 3072K, 86% used [0x00000000d6100000,0x00000000d639af18,0x00000000d6400000)
  to   space 3072K, 0% used [0x00000000d5d80000,0x00000000d5d80000,0x00000000d6080000)
 ParOldGen       total 309248K, used 308868K [0x0000000080000000, 0x0000000092e00000, 0x00000000d5580000)
  object space 309248K, 99% used [0x0000000080000000,0x0000000092da1060,0x0000000092e00000)
 Metaspace       used 63423K, committed 64768K, reserved 1114112K
  class space    used 6959K, committed 7552K, reserved 1048576K
}
Event: 23.689 GC heap before
{Heap before GC invocations=268 (full 3):
 PSYoungGen      total 11264K, used 10859K [0x00000000d5580000, 0x00000000d6400000, 0x0000000100000000)
  eden space 8192K, 100% used [0x00000000d5580000,0x00000000d5d80000,0x00000000d5d80000)
  from space 3072K, 86% used [0x00000000d6100000,0x00000000d639af18,0x00000000d6400000)
  to   space 3072K, 0% used [0x00000000d5d80000,0x00000000d5d80000,0x00000000d6080000)
 ParOldGen       total 309248K, used 308868K [0x0000000080000000, 0x0000000092e00000, 0x00000000d5580000)
  object space 309248K, 99% used [0x0000000080000000,0x0000000092da1060,0x0000000092e00000)
 Metaspace       used 63427K, committed 64768K, reserved 1114112K
  class space    used 6960K, committed 7552K, reserved 1048576K
}
Event: 24.708 GC heap after
{Heap after GC invocations=268 (full 3):
 PSYoungGen      total 11264K, used 3059K [0x00000000d5580000, 0x00000000d6400000, 0x0000000100000000)
  eden space 8192K, 0% used [0x00000000d5580000,0x00000000d5580000,0x00000000d5d80000)
  from space 3072K, 99% used [0x00000000d5d80000,0x00000000d607cc00,0x00000000d6080000)
  to   space 3072K, 0% used [0x00000000d6100000,0x00000000d6100000,0x00000000d6400000)
 ParOldGen       total 313344K, used 313205K [0x0000000080000000, 0x0000000093200000, 0x00000000d5580000)
  object space 313344K, 99% used [0x0000000080000000,0x00000000931dd698,0x0000000093200000)
 Metaspace       used 63427K, committed 64768K, reserved 1114112K
  class space    used 6960K, committed 7552K, reserved 1048576K
}
Event: 24.785 GC heap before
{Heap before GC invocations=269 (full 3):
 PSYoungGen      total 11264K, used 11243K [0x00000000d5580000, 0x00000000d6400000, 0x0000000100000000)
  eden space 8192K, 99% used [0x00000000d5580000,0x00000000d5d7e360,0x00000000d5d80000)
  from space 3072K, 99% used [0x00000000d5d80000,0x00000000d607cc00,0x00000000d6080000)
  to   space 3072K, 0% used [0x00000000d6100000,0x00000000d6100000,0x00000000d6400000)
 ParOldGen       total 313344K, used 313205K [0x0000000080000000, 0x0000000093200000, 0x00000000d5580000)
  object space 313344K, 99% used [0x0000000080000000,0x00000000931dd698,0x0000000093200000)
 Metaspace       used 63448K, committed 64768K, reserved 1114112K
  class space    used 6963K, committed 7552K, reserved 1048576K
}

Dll operation events (12 events):
Event: 0.023 Loaded shared library c:\Users\Gamer\.vscode\extensions\redhat.java-1.44.0-win32-x64\jre\21.0.8-win32-x86_64\bin\java.dll
Event: 0.065 Loaded shared library c:\Users\Gamer\.vscode\extensions\redhat.java-1.44.0-win32-x64\jre\21.0.8-win32-x86_64\bin\zip.dll
Event: 0.080 Loaded shared library C:\Users\Gamer\.vscode\extensions\redhat.java-1.44.0-win32-x64\jre\21.0.8-win32-x86_64\bin\instrument.dll
Event: 0.084 Loaded shared library C:\Users\Gamer\.vscode\extensions\redhat.java-1.44.0-win32-x64\jre\21.0.8-win32-x86_64\bin\net.dll
Event: 0.087 Loaded shared library C:\Users\Gamer\.vscode\extensions\redhat.java-1.44.0-win32-x64\jre\21.0.8-win32-x86_64\bin\nio.dll
Event: 0.090 Loaded shared library C:\Users\Gamer\.vscode\extensions\redhat.java-1.44.0-win32-x64\jre\21.0.8-win32-x86_64\bin\zip.dll
Event: 0.103 Loaded shared library C:\Users\Gamer\.vscode\extensions\redhat.java-1.44.0-win32-x64\jre\21.0.8-win32-x86_64\bin\jimage.dll
Event: 0.164 Loaded shared library c:\Users\Gamer\.vscode\extensions\redhat.java-1.44.0-win32-x64\jre\21.0.8-win32-x86_64\bin\verify.dll
Event: 5.759 Loaded shared library C:\Users\Gamer\AppData\Roaming\Code\User\globalStorage\redhat.java\1.44.0\config_win\org.eclipse.equinox.launcher\org.eclipse.equinox.launcher.win32.win32.x86_64_1.2.1400.v20250730-1736\eclipse_11913.dll
Event: 11.544 Loaded shared library C:\Users\Gamer\AppData\Local\Temp\jna--1789714729\jna5177462933921870768.dll
Event: 14.046 Loaded shared library C:\Users\Gamer\.vscode\extensions\redhat.java-1.44.0-win32-x64\jre\21.0.8-win32-x86_64\bin\sunmscapi.dll
Event: 14.307 Loaded shared library C:\Users\Gamer\.vscode\extensions\redhat.java-1.44.0-win32-x64\jre\21.0.8-win32-x86_64\bin\extnet.dll

Deoptimization events (20 events):
Event: 24.777 Thread 0x000001c3e697fa60 DEOPT PACKING pc=0x000001c3cc9ddb8b sp=0x000000ad5b5ff100
Event: 24.777 Thread 0x000001c3e697fa60 DEOPT UNPACKING pc=0x000001c3d2d44242 sp=0x000000ad5b5fe5c8 mode 0
Event: 24.778 Thread 0x000001c3e697fa60 DEOPT PACKING pc=0x000001c3cc9ddb8b sp=0x000000ad5b5ff100
Event: 24.778 Thread 0x000001c3e697fa60 DEOPT UNPACKING pc=0x000001c3d2d44242 sp=0x000000ad5b5fe5c8 mode 0
Event: 24.778 Thread 0x000001c3e697fa60 DEOPT PACKING pc=0x000001c3cc9ddb8b sp=0x000000ad5b5ff100
Event: 24.778 Thread 0x000001c3e697fa60 DEOPT UNPACKING pc=0x000001c3d2d44242 sp=0x000000ad5b5fe5c8 mode 0
Event: 24.779 Thread 0x000001c3e697fa60 DEOPT PACKING pc=0x000001c3cc9ddb8b sp=0x000000ad5b5ff100
Event: 24.779 Thread 0x000001c3e697fa60 DEOPT UNPACKING pc=0x000001c3d2d44242 sp=0x000000ad5b5fe5c8 mode 0
Event: 24.780 Thread 0x000001c3e697fa60 DEOPT PACKING pc=0x000001c3cc9ddb8b sp=0x000000ad5b5ff100
Event: 24.780 Thread 0x000001c3e697fa60 DEOPT UNPACKING pc=0x000001c3d2d44242 sp=0x000000ad5b5fe5c8 mode 0
Event: 24.782 Thread 0x000001c3e697fa60 DEOPT PACKING pc=0x000001c3cc9ddb8b sp=0x000000ad5b5ff100
Event: 24.782 Thread 0x000001c3e697fa60 DEOPT UNPACKING pc=0x000001c3d2d44242 sp=0x000000ad5b5fe5c8 mode 0
Event: 24.782 Thread 0x000001c3e697fa60 DEOPT PACKING pc=0x000001c3cc9ddb1a sp=0x000000ad5b5ff100
Event: 24.782 Thread 0x000001c3e697fa60 DEOPT UNPACKING pc=0x000001c3d2d44242 sp=0x000000ad5b5fe5c8 mode 0
Event: 24.783 Thread 0x000001c3e697fa60 DEOPT PACKING pc=0x000001c3cc9ddb8b sp=0x000000ad5b5ff100
Event: 24.783 Thread 0x000001c3e697fa60 DEOPT UNPACKING pc=0x000001c3d2d44242 sp=0x000000ad5b5fe5c8 mode 0
Event: 24.784 Thread 0x000001c3e697fa60 DEOPT PACKING pc=0x000001c3cc9ddb8b sp=0x000000ad5b5ff100
Event: 24.784 Thread 0x000001c3e697fa60 DEOPT UNPACKING pc=0x000001c3d2d44242 sp=0x000000ad5b5fe5c8 mode 0
Event: 24.785 Thread 0x000001c3e697fa60 DEOPT PACKING pc=0x000001c3cc9ddb8b sp=0x000000ad5b5ff100
Event: 24.785 Thread 0x000001c3e697fa60 DEOPT UNPACKING pc=0x000001c3d2d44242 sp=0x000000ad5b5fe5c8 mode 0

Classes loaded (20 events):
Event: 22.177 Loading class java/nio/file/FileChannelLinesSpliterator
Event: 22.177 Loading class java/nio/file/FileChannelLinesSpliterator done
Event: 22.177 Loading class java/util/stream/Streams$1
Event: 22.178 Loading class java/util/stream/Streams$1 done
Event: 22.178 Loading class java/nio/file/FileChannelLinesSpliterator$1
Event: 22.178 Loading class java/nio/file/FileChannelLinesSpliterator$1 done
Event: 22.805 Loading class java/util/concurrent/CopyOnWriteArraySet
Event: 22.805 Loading class java/util/concurrent/CopyOnWriteArraySet done
Event: 23.183 Loading class java/io/FileFilter
Event: 23.183 Loading class java/io/FileFilter done
Event: 23.257 Loading class java/util/concurrent/ConcurrentHashMap$ValueSpliterator
Event: 23.257 Loading class java/util/concurrent/ConcurrentHashMap$ValueSpliterator done
Event: 23.258 Loading class jdk/internal/loader/BootLoader$PackageHelper
Event: 23.260 Loading class jdk/internal/loader/BootLoader$PackageHelper done
Event: 24.709 Loading class sun/security/ssl/Alert
Event: 24.709 Loading class sun/security/ssl/Alert done
Event: 24.710 Loading class sun/security/ssl/Alert$AlertConsumer
Event: 24.710 Loading class sun/security/ssl/Alert$AlertConsumer done
Event: 24.710 Loading class sun/security/ssl/Alert$Level
Event: 24.710 Loading class sun/security/ssl/Alert$Level done

Classes unloaded (8 events):
Event: 11.972 Thread 0x000001c3df0548a0 Unloading class 0x000001c3811ad000 'java/lang/invoke/LambdaForm$MH+0x000001c3811ad000'
Event: 11.972 Thread 0x000001c3df0548a0 Unloading class 0x000001c3811acc00 'java/lang/invoke/LambdaForm$MH+0x000001c3811acc00'
Event: 11.972 Thread 0x000001c3df0548a0 Unloading class 0x000001c3811ac800 'java/lang/invoke/LambdaForm$MH+0x000001c3811ac800'
Event: 11.972 Thread 0x000001c3df0548a0 Unloading class 0x000001c3811ac400 'java/lang/invoke/LambdaForm$MH+0x000001c3811ac400'
Event: 11.972 Thread 0x000001c3df0548a0 Unloading class 0x000001c3811ac000 'java/lang/invoke/LambdaForm$BMH+0x000001c3811ac000'
Event: 11.972 Thread 0x000001c3df0548a0 Unloading class 0x000001c3811abc00 'java/lang/invoke/LambdaForm$DMH+0x000001c3811abc00'
Event: 11.972 Thread 0x000001c3df0548a0 Unloading class 0x000001c3811aa800 'java/lang/invoke/LambdaForm$DMH+0x000001c3811aa800'
Event: 14.081 Thread 0x000001c3df0548a0 Unloading class 0x000001c381300400 'java/lang/invoke/LambdaForm$DMH+0x000001c381300400'

Classes redefined (0 events):
No events

Internal exceptions (20 events):
Event: 22.156 Thread 0x000001c3e046a1f0 Exception <a 'sun/nio/fs/WindowsException'{0x00000000d55a3210}> (0x00000000d55a3210) 
thrown [s\src\hotspot\share\prims\jni.cpp, line 520]
Event: 22.161 Thread 0x000001c3e046a1f0 Exception <a 'sun/nio/fs/WindowsException'{0x00000000d57524f0}> (0x00000000d57524f0) 
thrown [s\src\hotspot\share\prims\jni.cpp, line 520]
Event: 22.161 Thread 0x000001c3e046a1f0 Exception <a 'sun/nio/fs/WindowsException'{0x00000000d5752d50}> (0x00000000d5752d50) 
thrown [s\src\hotspot\share\prims\jni.cpp, line 520]
Event: 22.161 Thread 0x000001c3e046a1f0 Exception <a 'sun/nio/fs/WindowsException'{0x00000000d5753370}> (0x00000000d5753370) 
thrown [s\src\hotspot\share\prims\jni.cpp, line 520]
Event: 22.161 Thread 0x000001c3e046a1f0 Exception <a 'sun/nio/fs/WindowsException'{0x00000000d5753bf8}> (0x00000000d5753bf8) 
thrown [s\src\hotspot\share\prims\jni.cpp, line 520]
Event: 22.162 Thread 0x000001c3e046a1f0 Exception <a 'sun/nio/fs/WindowsException'{0x00000000d5794f98}> (0x00000000d5794f98) 
thrown [s\src\hotspot\share\prims\jni.cpp, line 520]
Event: 22.162 Thread 0x000001c3e046a1f0 Exception <a 'sun/nio/fs/WindowsException'{0x00000000d57957b8}> (0x00000000d57957b8) 
thrown [s\src\hotspot\share\prims\jni.cpp, line 520]
Event: 22.162 Thread 0x000001c3e046a1f0 Exception <a 'sun/nio/fs/WindowsException'{0x00000000d5795da0}> (0x00000000d5795da0) 
thrown [s\src\hotspot\share\prims\jni.cpp, line 520]
Event: 22.162 Thread 0x000001c3e046a1f0 Exception <a 'sun/nio/fs/WindowsException'{0x00000000d57a5060}> (0x00000000d57a5060) 
thrown [s\src\hotspot\share\prims\jni.cpp, line 520]
Event: 22.166 Thread 0x000001c3e046a1f0 Exception <a 'sun/nio/fs/WindowsException'{0x00000000d56b5cc0}> (0x00000000d56b5cc0) 
thrown [s\src\hotspot\share\prims\jni.cpp, line 520]
Event: 22.166 Thread 0x000001c3e046a1f0 Exception <a 'sun/nio/fs/WindowsException'{0x00000000d56c5060}> (0x00000000d56c5060) 
thrown [s\src\hotspot\share\prims\jni.cpp, line 520]
Event: 22.166 Thread 0x000001c3e046a1f0 Exception <a 'sun/nio/fs/WindowsException'{0x00000000d56c5908}> (0x00000000d56c5908) 
thrown [s\src\hotspot\share\prims\jni.cpp, line 520]
Event: 22.166 Thread 0x000001c3e046a1f0 Exception <a 'sun/nio/fs/WindowsException'{0x00000000d56d4e88}> (0x00000000d56d4e88) 
thrown [s\src\hotspot\share\prims\jni.cpp, line 520]
Event: 22.169 Thread 0x000001c3e046a1f0 Exception <a 'sun/nio/fs/WindowsException'{0x00000000d55940e8}> (0x00000000d55940e8) 
thrown [s\src\hotspot\share\prims\jni.cpp, line 520]
Event: 22.169 Thread 0x000001c3e046a1f0 Exception <a 'sun/nio/fs/WindowsException'{0x00000000d55948d8}> (0x00000000d55948d8) 
thrown [s\src\hotspot\share\prims\jni.cpp, line 520]
Event: 22.169 Thread 0x000001c3e046a1f0 Exception <a 'sun/nio/fs/WindowsException'{0x00000000d5594e98}> (0x00000000d5594e98) 
thrown [s\src\hotspot\share\prims\jni.cpp, line 520]
Event: 22.169 Thread 0x000001c3e046a1f0 Exception <a 'sun/nio/fs/WindowsException'{0x00000000d55a4308}> (0x00000000d55a4308) 
thrown [s\src\hotspot\share\prims\jni.cpp, line 520]
Event: 22.808 Thread 0x000001c3e046a1f0 Exception <a 'java/lang/NoSuchMethodError'{0x00000000d55eefe0}: 'java.lang.Object java.lang.invoke.DirectMethodHandle$Holder.invokeVirtual(java.lang.Object, java.lang.Object, java.lang.Object, java.lang.Object)'> (0x00000000d55eefe0) 
thrown [s\src\hotspot\share\interpreter\linkResolver.cpp, line 773]
Event: 22.810 Thread 0x000001c3e046a1f0 Exception <a 'java/lang/NoSuchMethodError'{0x00000000d56a26d8}: 'java.lang.Object java.lang.invoke.DirectMethodHandle$Holder.invokeVirtual(java.lang.Object, java.lang.Object, java.lang.Object, java.lang.Object, java.lang.Object)'> (0x00000000d56a26d8) 
thrown [s\src\hotspot\share\interpreter\linkResolver.cpp, line 773]
Event: 23.260 Thread 0x000001c3e7d14b30 Implicit null exception at 0x000001c3d38a555a to 0x000001c3d38a568a

ZGC Phase Switch (0 events):
No events

VM Operations (20 events):
Event: 23.528 Executing VM operation: ParallelGCFailedAllocation (Allocation Failure) done
Event: 23.531 Executing VM operation: ParallelGCFailedAllocation (Allocation Failure)
Event: 23.532 Executing VM operation: ParallelGCFailedAllocation (Allocation Failure) done
Event: 23.536 Executing VM operation: ParallelGCFailedAllocation (Allocation Failure)
Event: 23.537 Executing VM operation: ParallelGCFailedAllocation (Allocation Failure) done
Event: 23.541 Executing VM operation: ParallelGCFailedAllocation (Allocation Failure)
Event: 23.542 Executing VM operation: ParallelGCFailedAllocation (Allocation Failure) done
Event: 23.546 Executing VM operation: ParallelGCFailedAllocation (Allocation Failure)
Event: 23.547 Executing VM operation: ParallelGCFailedAllocation (Allocation Failure) done
Event: 23.552 Executing VM operation: ParallelGCFailedAllocation (Allocation Failure)
Event: 23.554 Executing VM operation: ParallelGCFailedAllocation (Allocation Failure) done
Event: 23.559 Executing VM operation: ParallelGCFailedAllocation (Allocation Failure)
Event: 23.561 Executing VM operation: ParallelGCFailedAllocation (Allocation Failure) done
Event: 23.567 Executing VM operation: ParallelGCFailedAllocation (Allocation Failure)
Event: 23.568 Executing VM operation: ParallelGCFailedAllocation (Allocation Failure) done
Event: 23.619 Executing VM operation: ParallelGCFailedAllocation (Allocation Failure)
Event: 23.620 Executing VM operation: ParallelGCFailedAllocation (Allocation Failure) done
Event: 23.689 Executing VM operation: ParallelGCFailedAllocation (Allocation Failure)
Event: 24.708 Executing VM operation: ParallelGCFailedAllocation (Allocation Failure) done
Event: 24.785 Executing VM operation: ParallelGCFailedAllocation (Allocation Failure)

Memory protections (0 events):
No events

Nmethod flushes (20 events):
Event: 19.811 Thread 0x000001c3df0548a0 flushing  nmethod 0x000001c3cc1f3990
Event: 19.811 Thread 0x000001c3df0548a0 flushing  nmethod 0x000001c3cc1f4690
Event: 19.811 Thread 0x000001c3df0548a0 flushing  nmethod 0x000001c3cc1f9590
Event: 19.811 Thread 0x000001c3df0548a0 flushing  nmethod 0x000001c3cc1f9a10
Event: 19.811 Thread 0x000001c3df0548a0 flushing  nmethod 0x000001c3cc1f9f10
Event: 19.811 Thread 0x000001c3df0548a0 flushing  nmethod 0x000001c3cc1fa610
Event: 19.811 Thread 0x000001c3df0548a0 flushing  nmethod 0x000001c3cc1faa10
Event: 19.811 Thread 0x000001c3df0548a0 flushing  nmethod 0x000001c3cc1fad90
Event: 19.811 Thread 0x000001c3df0548a0 flushing  nmethod 0x000001c3cc1fb310
Event: 19.811 Thread 0x000001c3df0548a0 flushing  nmethod 0x000001c3cc1fe310
Event: 19.811 Thread 0x000001c3df0548a0 flushing  nmethod 0x000001c3cc212f10
Event: 19.811 Thread 0x000001c3df0548a0 flushing  nmethod 0x000001c3cc213510
Event: 19.811 Thread 0x000001c3df0548a0 flushing  nmethod 0x000001c3cc258610
Event: 19.811 Thread 0x000001c3df0548a0 flushing  nmethod 0x000001c3cc258d10
Event: 19.811 Thread 0x000001c3df0548a0 flushing  nmethod 0x000001c3cc259810
Event: 19.811 Thread 0x000001c3df0548a0 flushing  nmethod 0x000001c3cc259c10
Event: 19.811 Thread 0x000001c3df0548a0 flushing  nmethod 0x000001c3cc25a910
Event: 19.811 Thread 0x000001c3df0548a0 flushing  nmethod 0x000001c3cc25b690
Event: 19.811 Thread 0x000001c3df0548a0 flushing  nmethod 0x000001c3cc25ee10
Event: 19.811 Thread 0x000001c3df0548a0 flushing  nmethod 0x000001c3cc261e10

Events (20 events):
Event: 17.812 Thread 0x000001c3e6bb4f90 Thread exited: 0x000001c3e6bb4f90
Event: 18.120 Thread 0x000001c3e03d8f80 Thread added: 0x000001c3e6bb4f90
Event: 18.333 Thread 0x000001c3e6bb4f90 Thread exited: 0x000001c3e6bb4f90
Event: 18.756 Thread 0x000001c3e03d8f80 Thread added: 0x000001c3e6bb4f90
Event: 18.831 Thread 0x000001c3e697d990 Thread added: 0x000001c3e910a700
Event: 18.831 Thread 0x000001c3e910a700 Thread added: 0x000001c3e910b420
Event: 18.831 Thread 0x000001c3e910a700 Thread added: 0x000001c3e910a070
Event: 18.832 Thread 0x000001c3e910b420 Thread added: 0x000001c3e9107fa0
Event: 18.832 Thread 0x000001c3e910a070 Thread added: 0x000001c3e910d4f0
Event: 18.859 Thread 0x000001c3e697d990 Thread added: 0x000001c3e910c7d0
Event: 18.859 Thread 0x000001c3e697d990 Thread added: 0x000001c3e910ce60
Event: 20.019 Thread 0x000001c3e697d990 Thread added: 0x000001c3e910db80
Event: 20.149 Thread 0x000001c3e697d990 Thread added: 0x000001c3e910bab0
Event: 20.182 Thread 0x000001c3e697d990 Thread added: 0x000001c3e046af10
Event: 21.435 Thread 0x000001c3e6bb4f90 Thread exited: 0x000001c3e6bb4f90
Event: 22.594 Thread 0x000001c3e046a1f0 Thread added: 0x000001c3e7d151c0
Event: 23.042 Thread 0x000001c3e046a1f0 Thread added: 0x000001c3e7d14b30
Event: 23.044 Thread 0x000001c3e03d2830 Thread added: 0x000001c3e6bb4f90
Event: 23.302 Thread 0x000001c3e6bb4f90 Thread added: 0x000001c3ea47c490
Event: 23.421 Thread 0x000001c3ea47c490 Thread exited: 0x000001c3ea47c490


Dynamic libraries:
0x00007ff786bf0000 - 0x00007ff786bfe000 	c:\Users\Gamer\.vscode\extensions\redhat.java-1.44.0-win32-x64\jre\21.0.8-win32-x86_64\bin\java.exe
0x00007ffcf87e0000 - 0x00007ffcf8a47000 	C:\WINDOWS\SYSTEM32\ntdll.dll
0x00007ffcf71c0000 - 0x00007ffcf7289000 	C:\WINDOWS\System32\KERNEL32.DLL
0x00007ffcf5bd0000 - 0x00007ffcf5fc0000 	C:\WINDOWS\System32\KERNELBASE.dll
0x00007ffcf28e0000 - 0x00007ffcf297e000 	C:\WINDOWS\SYSTEM32\apphelp.dll
0x00007ffcf5fd0000 - 0x00007ffcf611b000 	C:\WINDOWS\System32\ucrtbase.dll
0x00007ffcd65a0000 - 0x00007ffcd65be000 	c:\Users\Gamer\.vscode\extensions\redhat.java-1.44.0-win32-x64\jre\21.0.8-win32-x86_64\bin\VCRUNTIME140.dll
0x00007ffcc2400000 - 0x00007ffcc2418000 	c:\Users\Gamer\.vscode\extensions\redhat.java-1.44.0-win32-x64\jre\21.0.8-win32-x86_64\bin\jli.dll
0x00007ffcf7f10000 - 0x00007ffcf80d5000 	C:\WINDOWS\System32\USER32.dll
0x00007ffcf6340000 - 0x00007ffcf6367000 	C:\WINDOWS\System32\win32u.dll
0x00007ffcdff90000 - 0x00007ffce022a000 	C:\WINDOWS\WinSxS\amd64_microsoft.windows.common-controls_6595b64144ccf1df_6.0.26100.4768_none_3e0c112ce331287c\COMCTL32.dll
0x00007ffcf75a0000 - 0x00007ffcf75cb000 	C:\WINDOWS\System32\GDI32.dll
0x00007ffcf81f0000 - 0x00007ffcf8299000 	C:\WINDOWS\System32\msvcrt.dll
0x00007ffcf6370000 - 0x00007ffcf64a8000 	C:\WINDOWS\System32\gdi32full.dll
0x00007ffcf5b20000 - 0x00007ffcf5bc3000 	C:\WINDOWS\System32\msvcp_win.dll
0x00007ffcf6570000 - 0x00007ffcf659f000 	C:\WINDOWS\System32\IMM32.DLL
0x00007ffcd6590000 - 0x00007ffcd659c000 	c:\Users\Gamer\.vscode\extensions\redhat.java-1.44.0-win32-x64\jre\21.0.8-win32-x86_64\bin\vcruntime140_1.dll
0x00007ffc6b230000 - 0x00007ffc6b2bd000 	c:\Users\Gamer\.vscode\extensions\redhat.java-1.44.0-win32-x64\jre\21.0.8-win32-x86_64\bin\msvcp140.dll
0x00007ffc12350000 - 0x00007ffc130e7000 	c:\Users\Gamer\.vscode\extensions\redhat.java-1.44.0-win32-x64\jre\21.0.8-win32-x86_64\bin\server\jvm.dll
0x00007ffcf82a0000 - 0x00007ffcf8354000 	C:\WINDOWS\System32\ADVAPI32.dll
0x00007ffcf8360000 - 0x00007ffcf8406000 	C:\WINDOWS\System32\sechost.dll
0x00007ffcf7290000 - 0x00007ffcf73a8000 	C:\WINDOWS\System32\RPCRT4.dll
0x00007ffcf8480000 - 0x00007ffcf84f4000 	C:\WINDOWS\System32\WS2_32.dll
0x00007ffcf56c0000 - 0x00007ffcf571e000 	C:\WINDOWS\SYSTEM32\POWRPROF.dll
0x00007ffcee8f0000 - 0x00007ffcee8fb000 	C:\WINDOWS\SYSTEM32\VERSION.dll
0x00007ffce4e90000 - 0x00007ffce4ec5000 	C:\WINDOWS\SYSTEM32\WINMM.dll
0x00007ffcf55b0000 - 0x00007ffcf55c4000 	C:\WINDOWS\SYSTEM32\UMPDC.dll
0x00007ffcf4690000 - 0x00007ffcf46ab000 	C:\WINDOWS\SYSTEM32\kernel.appcore.dll
0x00007ffcc7790000 - 0x00007ffcc779a000 	c:\Users\Gamer\.vscode\extensions\redhat.java-1.44.0-win32-x64\jre\21.0.8-win32-x86_64\bin\jimage.dll
0x00007ffce2db0000 - 0x00007ffce2ff1000 	C:\WINDOWS\SYSTEM32\DBGHELP.DLL
0x00007ffcf6d90000 - 0x00007ffcf7115000 	C:\WINDOWS\System32\combase.dll
0x00007ffcf74b0000 - 0x00007ffcf7590000 	C:\WINDOWS\System32\OLEAUT32.dll
0x00007ffcc7740000 - 0x00007ffcc7783000 	C:\WINDOWS\SYSTEM32\dbgcore.DLL
0x00007ffcf62a0000 - 0x00007ffcf6339000 	C:\WINDOWS\System32\bcryptPrimitives.dll
0x00007ffce4890000 - 0x00007ffce489f000 	c:\Users\Gamer\.vscode\extensions\redhat.java-1.44.0-win32-x64\jre\21.0.8-win32-x86_64\bin\instrument.dll
0x00007ffcb3620000 - 0x00007ffcb363f000 	c:\Users\Gamer\.vscode\extensions\redhat.java-1.44.0-win32-x64\jre\21.0.8-win32-x86_64\bin\java.dll
0x00007ffcf65f0000 - 0x00007ffcf6d3d000 	C:\WINDOWS\System32\SHELL32.dll
0x00007ffcf6120000 - 0x00007ffcf6293000 	C:\WINDOWS\System32\wintypes.dll
0x00007ffcf3530000 - 0x00007ffcf3d90000 	C:\WINDOWS\SYSTEM32\windows.storage.dll
0x00007ffcf80f0000 - 0x00007ffcf81e5000 	C:\WINDOWS\System32\SHCORE.dll
0x00007ffcf8410000 - 0x00007ffcf847a000 	C:\WINDOWS\System32\shlwapi.dll
0x00007ffcf5830000 - 0x00007ffcf5859000 	C:\WINDOWS\SYSTEM32\profapi.dll
0x00007ffcb3600000 - 0x00007ffcb3618000 	c:\Users\Gamer\.vscode\extensions\redhat.java-1.44.0-win32-x64\jre\21.0.8-win32-x86_64\bin\zip.dll
0x00007ffcbf5a0000 - 0x00007ffcbf5b0000 	C:\Users\Gamer\.vscode\extensions\redhat.java-1.44.0-win32-x64\jre\21.0.8-win32-x86_64\bin\net.dll
0x00007ffceefb0000 - 0x00007ffcef0ce000 	C:\WINDOWS\SYSTEM32\WINHTTP.dll
0x00007ffcf4c20000 - 0x00007ffcf4c8b000 	C:\WINDOWS\system32\mswsock.dll
0x00007ffcb35e0000 - 0x00007ffcb35f6000 	C:\Users\Gamer\.vscode\extensions\redhat.java-1.44.0-win32-x64\jre\21.0.8-win32-x86_64\bin\nio.dll
0x00007ffce4880000 - 0x00007ffce4890000 	c:\Users\Gamer\.vscode\extensions\redhat.java-1.44.0-win32-x64\jre\21.0.8-win32-x86_64\bin\verify.dll
0x00007ffcdc1b0000 - 0x00007ffcdc1f5000 	C:\Users\Gamer\AppData\Roaming\Code\User\globalStorage\redhat.java\1.44.0\config_win\org.eclipse.equinox.launcher\org.eclipse.equinox.launcher.win32.win32.x86_64_1.2.1400.v20250730-1736\eclipse_11913.dll
0x00007ffcf7d60000 - 0x00007ffcf7f00000 	C:\WINDOWS\System32\ole32.dll
0x00007ffcf4ee0000 - 0x00007ffcf4efb000 	C:\WINDOWS\SYSTEM32\CRYPTSP.dll
0x00007ffcf45f0000 - 0x00007ffcf462b000 	C:\WINDOWS\system32\rsaenh.dll
0x00007ffcf4cc0000 - 0x00007ffcf4ceb000 	C:\WINDOWS\SYSTEM32\USERENV.dll
0x00007ffcf5800000 - 0x00007ffcf5826000 	C:\WINDOWS\SYSTEM32\bcrypt.dll
0x00007ffcf4f00000 - 0x00007ffcf4f0c000 	C:\WINDOWS\SYSTEM32\CRYPTBASE.dll
0x00007ffcf40a0000 - 0x00007ffcf40d3000 	C:\WINDOWS\SYSTEM32\IPHLPAPI.DLL
0x00007ffcf80e0000 - 0x00007ffcf80ea000 	C:\WINDOWS\System32\NSI.dll
0x00007ffcd7ef0000 - 0x00007ffcd7f39000 	C:\Users\Gamer\AppData\Local\Temp\jna--1789714729\jna5177462933921870768.dll
0x00007ffcf7410000 - 0x00007ffcf7418000 	C:\WINDOWS\System32\PSAPI.DLL
0x00007ffceef80000 - 0x00007ffceef9f000 	C:\WINDOWS\SYSTEM32\dhcpcsvc6.DLL
0x00007ffceef50000 - 0x00007ffceef75000 	C:\WINDOWS\SYSTEM32\dhcpcsvc.DLL
0x00007ffcd1630000 - 0x00007ffcd163e000 	C:\Users\Gamer\.vscode\extensions\redhat.java-1.44.0-win32-x64\jre\21.0.8-win32-x86_64\bin\sunmscapi.dll
0x00007ffcf59a0000 - 0x00007ffcf5b17000 	C:\WINDOWS\System32\CRYPT32.dll
0x00007ffcf5100000 - 0x00007ffcf5130000 	C:\WINDOWS\SYSTEM32\ncrypt.dll
0x00007ffcf50b0000 - 0x00007ffcf50ef000 	C:\WINDOWS\SYSTEM32\NTASN1.dll
0x00007ffcf40e0000 - 0x00007ffcf4206000 	C:\WINDOWS\SYSTEM32\DNSAPI.dll
0x00007ffceaf70000 - 0x00007ffceaf7b000 	C:\Windows\System32\rasadhlp.dll
0x00007ffcee2d0000 - 0x00007ffcee356000 	C:\WINDOWS\System32\fwpuclnt.dll
0x00007ffcc24c0000 - 0x00007ffcc24c9000 	C:\Users\Gamer\.vscode\extensions\redhat.java-1.44.0-win32-x64\jre\21.0.8-win32-x86_64\bin\extnet.dll

JVMTI agents:
c:\Users\Gamer\.vscode\extensions\redhat.java-1.44.0-win32-x64\lombok\lombok-1.18.39-4050.jar path:c:\Users\Gamer\.vscode\extensions\redhat.java-1.44.0-win32-x64\jre\21.0.8-win32-x86_64\bin\instrument.dll, loaded, initialized, instrumentlib options:none

dbghelp: loaded successfully - version: 4.0.5 - missing functions: none
symbol engine: initialized successfully - sym options: 0x614 - pdb path: .;c:\Users\Gamer\.vscode\extensions\redhat.java-1.44.0-win32-x64\jre\21.0.8-win32-x86_64\bin;C:\WINDOWS\SYSTEM32;C:\WINDOWS\WinSxS\amd64_microsoft.windows.common-controls_6595b64144ccf1df_6.0.26100.4768_none_3e0c112ce331287c;c:\Users\Gamer\.vscode\extensions\redhat.java-1.44.0-win32-x64\jre\21.0.8-win32-x86_64\bin\server;C:\Users\Gamer\AppData\Roaming\Code\User\globalStorage\redhat.java\1.44.0\config_win\org.eclipse.equinox.launcher\org.eclipse.equinox.launcher.win32.win32.x86_64_1.2.1400.v20250730-1736;C:\Users\Gamer\AppData\Local\Temp\jna--1789714729

VM Arguments:
jvm_args: --add-modules=ALL-SYSTEM --add-opens=java.base/java.util=ALL-UNNAMED --add-opens=java.base/java.lang=ALL-UNNAMED --add-opens=java.base/sun.nio.fs=ALL-UNNAMED -Declipse.application=org.eclipse.jdt.ls.core.id1 -Dosgi.bundles.defaultStartLevel=4 -Declipse.product=org.eclipse.jdt.ls.core.product -Djava.import.generatesMetadataFilesAtProjectRoot=false -DDetectVMInstallationsJob.disabled=true -Dfile.encoding=utf8 -XX:+UseParallelGC -XX:GCTimeRatio=4 -XX:AdaptiveSizePolicyWeight=90 -Dsun.zip.disableMemoryMapping=true -Xmx2G -Xms100m -Xlog:disable -javaagent:c:\Users\Gamer\.vscode\extensions\redhat.java-1.44.0-win32-x64\lombok\lombok-1.18.39-4050.jar -XX:+HeapDumpOnOutOfMemoryError -XX:HeapDumpPath=c:\Users\Gamer\AppData\Roaming\Code\User\workspaceStorage\c92467a4f912a076a8497abe25e10870\redhat.java -Daether.dependencyCollector.impl=bf 
java_command: c:\Users\Gamer\.vscode\extensions\redhat.java-1.44.0-win32-x64\server\plugins\org.eclipse.equinox.launcher_1.7.0.v20250519-0528.jar -configuration c:\Users\Gamer\AppData\Roaming\Code\User\globalStorage\redhat.java\1.44.0\config_win -data c:\Users\Gamer\AppData\Roaming\Code\User\workspaceStorage\c92467a4f912a076a8497abe25e10870\redhat.java\jdt_ws --pipe=\\.\pipe\lsp-91d0116f70715a6738b87607896edf79-sock
java_class_path (initial): c:\Users\Gamer\.vscode\extensions\redhat.java-1.44.0-win32-x64\server\plugins\org.eclipse.equinox.launcher_1.7.0.v20250519-0528.jar
Launcher Type: SUN_STANDARD

[Global flags]
    uintx AdaptiveSizePolicyWeight                 = 90                                        {product} {command line}
     intx CICompilerCount                          = 4                                         {product} {ergonomic}
    uintx GCTimeRatio                              = 4                                         {product} {command line}
     bool HeapDumpOnOutOfMemoryError               = true                                   {manageable} {command line}
    ccstr HeapDumpPath                             = c:\Users\Gamer\AppData\Roaming\Code\User\workspaceStorage\c92467a4f912a076a8497abe25e10870\redhat.java         {manageable} {command line}
   size_t InitialHeapSize                          = 104857600                                 {product} {command line}
   size_t MaxHeapSize                              = 2147483648                                {product} {command line}
   size_t MaxNewSize                               = 715653120                                 {product} {ergonomic}
   size_t MinHeapDeltaBytes                        = 524288                                    {product} {ergonomic}
   size_t MinHeapSize                              = 104857600                                 {product} {command line}
   size_t NewSize                                  = 34603008                                  {product} {ergonomic}
    uintx NonNMethodCodeHeapSize                   = 5839372                                {pd product} {ergonomic}
    uintx NonProfiledCodeHeapSize                  = 122909434                              {pd product} {ergonomic}
   size_t OldSize                                  = 70254592                                  {product} {ergonomic}
    uintx ProfiledCodeHeapSize                     = 122909434                              {pd product} {ergonomic}
    uintx ReservedCodeCacheSize                    = 251658240                              {pd product} {ergonomic}
     bool SegmentedCodeCache                       = true                                      {product} {ergonomic}
   size_t SoftMaxHeapSize                          = 2147483648                             {manageable} {ergonomic}
     bool UseCompressedOops                        = true                           {product lp64_product} {ergonomic}
     bool UseLargePagesIndividualAllocation        = false                                  {pd product} {ergonomic}
     bool UseParallelGC                            = true                                      {product} {command line}

Logging:
Log output configuration:
 #0: stdout all=off uptime,level,tags foldmultilines=false
 #1: stderr all=off uptime,level,tags foldmultilines=false

Environment Variables:
PATH=C:\app\FelipeJara\product\21c\dbhomeXE\bin;C:\Program Files\Common Files\Oracle\Java\javapath;C:\Program Files\Eclipse Adoptium\jdk-17.0.4.101-hotspot\bin;C:\WINDOWS\system32;C:\WINDOWS;C:\WINDOWS\System32\Wbem;C:\WINDOWS\System32\WindowsPowerShell\v1.0\;C:\WINDOWS\System32\OpenSSH\;C:\Program Files\Git\cmd;C:\Program Files\php-8.0.23;C:\Program Files\NVIDIA Corporation\NVIDIA NvDLISR;C:\sonar-scanner-4.8.0.2856-windows\bin;C:\Program Files (x86)\NVIDIA Corporation\PhysX\Common;%NVM_HOME%;%NVM_SYMLINK%;C:\WINDOWS\system32;C:\WINDOWS;C:\WINDOWS\System32\Wbem;C:\WINDOWS\System32\WindowsPowerShell\v1.0\;C:\WINDOWS\System32\OpenSSH\;C:\Program Files\nodejs\;C:\Users\Gamer\AppData\Local\Programs\Python\Python311\Scripts\;C:\Users\Gamer\AppData\Local\Programs\Python\Python311\;C:\Users\Gamer\AppData\Local\Microsoft\WindowsApps;C:\Users\Gamer\AppData\Local\Programs\Microsoft VS Code\bin;C:\sonar-scanner-4.8.0.2856-windows\bin;C:\Users\Gamer\AppData\Roaming\nvm;C:\Program Files\nodejs;C:\Users\Gamer\AppData\Roaming\npm
USERNAME=FelipeJara
OS=Windows_NT
PROCESSOR_IDENTIFIER=Intel64 Family 6 Model 165 Stepping 5, GenuineIntel
TMP=C:\Users\Gamer\AppData\Local\Temp
TEMP=C:\Users\Gamer\AppData\Local\Temp




Periodic native trim disabled

---------------  S Y S T E M  ---------------

OS:
 Windows 11 , 64 bit Build 26100 (10.0.26100.4768)
OS uptime: 8 days 1:27 hours

CPU: total 12 (initial active 12) (6 cores per cpu, 2 threads per core) family 6 model 165 stepping 5 microcode 0xec, cx8, cmov, fxsr, ht, mmx, 3dnowpref, sse, sse2, sse3, ssse3, sse4.1, sse4.2, popcnt, lzcnt, tsc, tscinvbit, avx, avx2, aes, erms, clmul, bmi1, bmi2, adx, fma, vzeroupper, clflush, clflushopt, rdtscp, f16c, pku
Processor Information for the first 12 processors :
  Max Mhz: 4104, Current Mhz: 4104, Mhz Limit: 4104

Memory: 4k page, system-wide physical 16298M (555M free)
TotalPageFile size 65450M (AvailPageFile size 19M)
current process WorkingSet (physical memory assigned to process): 645M, peak: 667M
current process commit charge ("private bytes"): 619M, peak: 630M

vm_info: OpenJDK 64-Bit Server VM (21.0.8+9-LTS) for windows-amd64 JRE (21.0.8+9-LTS), built on 2025-07-15T00:00:00Z by "admin" with MS VC++ 17.7 (VS2022)

END.
